Component: ARM Compiler 5.06 update 7 (build 960) Tool: armlink [4d3601]

==============================================================================

Section Cross References

    startup_stm32g030xx.o(STACK) refers (Special) to heapauxi.o(.text) for __use_two_region_memory
    startup_stm32g030xx.o(HEAP) refers (Special) to heapauxi.o(.text) for __use_two_region_memory
    startup_stm32g030xx.o(RESET) refers (Special) to heapauxi.o(.text) for __use_two_region_memory
    startup_stm32g030xx.o(RESET) refers to startup_stm32g030xx.o(STACK) for __initial_sp
    startup_stm32g030xx.o(RESET) refers to startup_stm32g030xx.o(.text) for Reset_Handler
    startup_stm32g030xx.o(RESET) refers to stm32g0xx_it.o(i.NMI_Handler) for NMI_Handler
    startup_stm32g030xx.o(RESET) refers to stm32g0xx_it.o(i.HardFault_Handler) for HardFault_Handler
    startup_stm32g030xx.o(RESET) refers to stm32g0xx_it.o(i.SVC_Handler) for SVC_Handler
    startup_stm32g030xx.o(RESET) refers to stm32g0xx_it.o(i.PendSV_Handler) for PendSV_Handler
    startup_stm32g030xx.o(RESET) refers to stm32g0xx_it.o(i.SysTick_Handler) for SysTick_Handler
    startup_stm32g030xx.o(RESET) refers to stm32g0xx_it.o(i.DMA1_Channel1_IRQHandler) for DMA1_Channel1_IRQHandler
    startup_stm32g030xx.o(RESET) refers to stm32g0xx_it.o(i.DMA1_Channel2_3_IRQHandler) for DMA1_Channel2_3_IRQHandler
    startup_stm32g030xx.o(RESET) refers to stm32g0xx_it.o(i.TIM3_IRQHandler) for TIM3_IRQHandler
    startup_stm32g030xx.o(RESET) refers to stm32g0xx_it.o(i.USART1_IRQHandler) for USART1_IRQHandler
    startup_stm32g030xx.o(.text) refers (Special) to heapauxi.o(.text) for __use_two_region_memory
    startup_stm32g030xx.o(.text) refers to system_stm32g0xx.o(i.SystemInit) for SystemInit
    startup_stm32g030xx.o(.text) refers to __main.o(!!!main) for __main
    startup_stm32g030xx.o(.text) refers to startup_stm32g030xx.o(HEAP) for Heap_Mem
    startup_stm32g030xx.o(.text) refers to startup_stm32g030xx.o(STACK) for Stack_Mem
    main.o(i.SystemClock_Config) refers to rt_memclr.o(.text) for __aeabi_memclr4
    main.o(i.SystemClock_Config) refers to stm32g0xx_hal_pwr_ex.o(i.HAL_PWREx_ControlVoltageScaling) for HAL_PWREx_ControlVoltageScaling
    main.o(i.SystemClock_Config) refers to stm32g0xx_hal_rcc.o(i.HAL_RCC_OscConfig) for HAL_RCC_OscConfig
    main.o(i.SystemClock_Config) refers to stm32g0xx_hal_rcc.o(i.HAL_RCC_ClockConfig) for HAL_RCC_ClockConfig
    main.o(i.main) refers to stm32g0xx_hal.o(i.HAL_Init) for HAL_Init
    main.o(i.main) refers to main.o(i.SystemClock_Config) for SystemClock_Config
    main.o(i.main) refers to gpio.o(i.MX_GPIO_Init) for MX_GPIO_Init
    main.o(i.main) refers to dma.o(i.MX_DMA_Init) for MX_DMA_Init
    main.o(i.main) refers to spi.o(i.MX_SPI1_Init) for MX_SPI1_Init
    main.o(i.main) refers to tim.o(i.MX_TIM1_Init) for MX_TIM1_Init
    main.o(i.main) refers to usart.o(i.MX_USART1_UART_Init) for MX_USART1_UART_Init
    main.o(i.main) refers to tim.o(i.MX_TIM3_Init) for MX_TIM3_Init
    main.o(i.main) refers to system.o(i.system_init) for system_init
    main.o(i.main) refers to system.o(i.system_loop) for system_loop
    gpio.o(i.MX_GPIO_Init) refers to rt_memclr.o(.text) for __aeabi_memclr4
    gpio.o(i.MX_GPIO_Init) refers to stm32g0xx_hal_gpio.o(i.HAL_GPIO_WritePin) for HAL_GPIO_WritePin
    gpio.o(i.MX_GPIO_Init) refers to stm32g0xx_hal_gpio.o(i.HAL_GPIO_Init) for HAL_GPIO_Init
    dma.o(i.MX_DMA_Init) refers to stm32g0xx_hal_cortex.o(i.HAL_NVIC_SetPriority) for HAL_NVIC_SetPriority
    dma.o(i.MX_DMA_Init) refers to stm32g0xx_hal_cortex.o(i.HAL_NVIC_EnableIRQ) for HAL_NVIC_EnableIRQ
    spi.o(i.HAL_SPI_MspDeInit) refers to stm32g0xx_hal_gpio.o(i.HAL_GPIO_DeInit) for HAL_GPIO_DeInit
    spi.o(i.HAL_SPI_MspInit) refers to rt_memclr.o(.text) for __aeabi_memclr4
    spi.o(i.HAL_SPI_MspInit) refers to stm32g0xx_hal_gpio.o(i.HAL_GPIO_Init) for HAL_GPIO_Init
    spi.o(i.MX_SPI1_Init) refers to stm32g0xx_hal_spi.o(i.HAL_SPI_Init) for HAL_SPI_Init
    spi.o(i.MX_SPI1_Init) refers to main.o(i.Error_Handler) for Error_Handler
    spi.o(i.MX_SPI1_Init) refers to spi.o(.bss) for .bss
    tim.o(i.HAL_TIM_Base_MspDeInit) refers to stm32g0xx_hal_cortex.o(i.HAL_NVIC_DisableIRQ) for HAL_NVIC_DisableIRQ
    tim.o(i.HAL_TIM_Base_MspInit) refers to stm32g0xx_hal_cortex.o(i.HAL_NVIC_SetPriority) for HAL_NVIC_SetPriority
    tim.o(i.HAL_TIM_Base_MspInit) refers to stm32g0xx_hal_cortex.o(i.HAL_NVIC_EnableIRQ) for HAL_NVIC_EnableIRQ
    tim.o(i.HAL_TIM_MspPostInit) refers to rt_memclr.o(.text) for __aeabi_memclr4
    tim.o(i.HAL_TIM_MspPostInit) refers to stm32g0xx_hal_gpio.o(i.HAL_GPIO_Init) for HAL_GPIO_Init
    tim.o(i.MX_TIM1_Init) refers to rt_memclr.o(.text) for __aeabi_memclr4
    tim.o(i.MX_TIM1_Init) refers to stm32g0xx_hal_tim.o(i.HAL_TIM_Base_Init) for HAL_TIM_Base_Init
    tim.o(i.MX_TIM1_Init) refers to main.o(i.Error_Handler) for Error_Handler
[...]
    ..\Drivers\STM32G0xx_HAL_Driver\Src\stm32g0xx_hal_cortex.c 0x00000000   Number         0  stm32g0xx_hal_cortex.o ABSOLUTE
    ..\Drivers\STM32G0xx_HAL_Driver\Src\stm32g0xx_hal_dma.c 0x00000000   Number         0  stm32g0xx_hal_dma.o ABSOLUTE
    ..\Drivers\STM32G0xx_HAL_Driver\Src\stm32g0xx_hal_dma_ex.c 0x00000000   Number         0  stm32g0xx_hal_dma_ex.o ABSOLUTE
    ..\Drivers\STM32G0xx_HAL_Driver\Src\stm32g0xx_hal_exti.c 0x00000000   Number         0  stm32g0xx_hal_exti.o ABSOLUTE
    ..\Drivers\STM32G0xx_HAL_Driver\Src\stm32g0xx_hal_flash.c 0x00000000   Number         0  stm32g0xx_hal_flash.o ABSOLUTE
    ..\Drivers\STM32G0xx_HAL_Driver\Src\stm32g0xx_hal_flash_ex.c 0x00000000   Number         0  stm32g0xx_hal_flash_ex.o ABSOLUTE
    ..\Drivers\STM32G0xx_HAL_Driver\Src\stm32g0xx_hal_gpio.c 0x00000000   Number         0  stm32g0xx_hal_gpio.o ABSOLUTE
    ..\Drivers\STM32G0xx_HAL_Driver\Src\stm32g0xx_hal_pwr.c 0x00000000   Number         0  stm32g0xx_hal_pwr.o ABSOLUTE
    ..\Drivers\STM32G0xx_HAL_Driver\Src\stm32g0xx_hal_pwr_ex.c 0x00000000   Number         0  stm32g0xx_hal_pwr_ex.o ABSOLUTE
    ..\Drivers\STM32G0xx_HAL_Driver\Src\stm32g0xx_hal_rcc.c 0x00000000   Number         0  stm32g0xx_hal_rcc.o ABSOLUTE
    ..\Drivers\STM32G0xx_HAL_Driver\Src\stm32g0xx_hal_rcc_ex.c 0x00000000   Number         0  stm32g0xx_hal_rcc_ex.o ABSOLUTE
    ..\Drivers\STM32G0xx_HAL_Driver\Src\stm32g0xx_hal_spi.c 0x00000000   Number         0  stm32g0xx_hal_spi.o ABSOLUTE
    ..\Drivers\STM32G0xx_HAL_Driver\Src\stm32g0xx_hal_spi_ex.c 0x00000000   Number         0  stm32g0xx_hal_spi_ex.o ABSOLUTE
    ..\Drivers\STM32G0xx_HAL_Driver\Src\stm32g0xx_hal_tim.c 0x00000000   Number         0  stm32g0xx_hal_tim.o ABSOLUTE
    ..\Drivers\STM32G0xx_HAL_Driver\Src\stm32g0xx_hal_tim_ex.c 0x00000000   Number         0  stm32g0xx_hal_tim_ex.o ABSOLUTE
    ..\Drivers\STM32G0xx_HAL_Driver\Src\stm32g0xx_hal_uart.c 0x00000000   Number         0  stm32g0xx_hal_uart.o ABSOLUTE
    ..\Drivers\STM32G0xx_HAL_Driver\Src\stm32g0xx_hal_uart_ex.c 0x00000000   Number         0  stm32g0xx_hal_uart_ex.o ABSOLUTE
    ..\\Components\\serial.c                 0x00000000   Number         0  serial.o ABSOLUTE
    ..\\Components\\si24r1.c                 0x00000000   Number         0  si24r1.o ABSOLUTE
    ..\\Components\\system.c                 0x00000000   Number         0  system.o ABSOLUTE
    dc.s                                     0x00000000   Number         0  dc.o ABSOLUTE
    startup_stm32g030xx.s                    0x00000000   Number         0  startup_stm32g030xx.o ABSOLUTE
    RESET                                    0x08000000   Section      192  startup_stm32g030xx.o(RESET)
    !!!main                                  0x080000c0   Section        8  __main.o(!!!main)
    !!!scatter                               0x080000c8   Section       60  __scatter.o(!!!scatter)
    !!handler_copy                           0x08000104   Section       26  __scatter_copy.o(!!handler_copy)
    !!handler_zi                             0x08000120   Section       28  __scatter_zi.o(!!handler_zi)
    .ARM.Collect$$libinit$$00000000          0x0800013c   Section        2  libinit.o(.ARM.Collect$$libinit$$00000000)
    .ARM.Collect$$libinit$$00000002          0x0800013e   Section        0  libinit2.o(.ARM.Collect$$libinit$$00000002)
    .ARM.Collect$$libinit$$00000004          0x0800013e   Section        0  libinit2.o(.ARM.Collect$$libinit$$00000004)
    .ARM.Collect$$libinit$$0000000A          0x0800013e   Section        0  libinit2.o(.ARM.Collect$$libinit$$0000000A)
    .ARM.Collect$$libinit$$0000000C          0x0800013e   Section        0  libinit2.o(.ARM.Collect$$libinit$$0000000C)
    .ARM.Collect$$libinit$$0000000E          0x0800013e   Section        0  libinit2.o(.ARM.Collect$$libinit$$0000000E)
    .ARM.Collect$$libinit$$00000011          0x0800013e   Section        0  libinit2.o(.ARM.Collect$$libinit$$00000011)
    .ARM.Collect$$libinit$$00000013          0x0800013e   Section        0  libinit2.o(.ARM.Collect$$libinit$$00000013)
    .ARM.Collect$$libinit$$00000015          0x0800013e   Section        0  libinit2.o(.ARM.Collect$$libinit$$00000015)
    .ARM.Collect$$libinit$$00000017          0x0800013e   Section        0  libinit2.o(.ARM.Collect$$libinit$$00000017)
    .ARM.Collect$$libinit$$00000019          0x0800013e   Section        0  libinit2.o(.ARM.Collect$$libinit$$00000019)
    .ARM.Collect$$libinit$$0000001B          0x0800013e   Section        0  libinit2.o(.ARM.Collect$$libinit$$0000001B)
    .ARM.Collect$$libinit$$0000001D          0x0800013e   Section        0  libinit2.o(.ARM.Collect$$libinit$$0000001D)
    .ARM.Collect$$libinit$$0000001F          0x0800013e   Section        0  libinit2.o(.ARM.Collect$$libinit$$0000001F)
    .ARM.Collect$$libinit$$00000021          0x0800013e   Section        0  libinit2.o(.ARM.Collect$$libinit$$00000021)
    .ARM.Collect$$libinit$$00000023          0x0800013e   Section        0  libinit2.o(.ARM.Collect$$libinit$$00000023)
    .ARM.Collect$$libinit$$00000025          0x0800013e   Section        0  libinit2.o(.ARM.Collect$$libinit$$00000025)
    .ARM.Collect$$libinit$$0000002C          0x0800013e   Section        0  libinit2.o(.ARM.Collect$$libinit$$0000002C)
    .ARM.Collect$$libinit$$0000002E          0x0800013e   Section        0  libinit2.o(.ARM.Collect$$libinit$$0000002E)
    .ARM.Collect$$libinit$$00000030          0x0800013e   Section        0  libinit2.o(.ARM.Collect$$libinit$$00000030)
    .ARM.Collect$$libinit$$00000032          0x0800013e   Section        0  libinit2.o(.ARM.Collect$$libinit$$00000032)
    .ARM.Collect$$libinit$$00000033          0x0800013e   Section        2  libinit2.o(.ARM.Collect$$libinit$$00000033)
    .ARM.Collect$$libshutdown$$00000000      0x08000140   Section        2  libshutdown.o(.ARM.Collect$$libshutdown$$00000000)
    .ARM.Collect$$libshutdown$$00000002      0x08000142   Section        0  libshutdown2.o(.ARM.Collect$$libshutdown$$00000002)
    .ARM.Collect$$libshutdown$$00000004      0x08000142   Section        0  libshutdown2.o(.ARM.Collect$$libshutdown$$00000004)
    .ARM.Collect$$libshutdown$$00000006      0x08000142   Section        0  libshutdown2.o(.ARM.Collect$$libshutdown$$00000006)
    .ARM.Collect$$libshutdown$$00000009      0x08000142   Section        0  libshutdown2.o(.ARM.Collect$$libshutdown$$00000009)
    .ARM.Collect$$libshutdown$$0000000C      0x08000142   Section        0  libshutdown2.o(.ARM.Collect$$libshutdown$$0000000C)
    .ARM.Collect$$libshutdown$$0000000E      0x08000142   Section        0  libshutdown2.o(.ARM.Collect$$libshutdown$$0000000E)
    .ARM.Collect$$libshutdown$$00000011      0x08000142   Section        0  libshutdown2.o(.ARM.Collect$$libshutdown$$00000011)
    .ARM.Collect$$libshutdown$$00000012      0x08000142   Section        2  libshutdown2.o(.ARM.Collect$$libshutdown$$00000012)
    .ARM.Collect$$rtentry$$00000000          0x08000144   Section        0  __rtentry.o(.ARM.Collect$$rtentry$$00000000)
    .ARM.Collect$$rtentry$$00000002          0x08000144   Section        0  __rtentry2.o(.ARM.Collect$$rtentry$$00000002)
    .ARM.Collect$$rtentry$$00000004          0x08000144   Section        6  __rtentry4.o(.ARM.Collect$$rtentry$$00000004)
    .ARM.Collect$$rtentry$$00000009          0x0800014a   Section        0  __rtentry2.o(.ARM.Collect$$rtentry$$00000009)
    .ARM.Collect$$rtentry$$0000000A          0x0800014a   Section        4  __rtentry2.o(.ARM.Collect$$rtentry$$0000000A)
    .ARM.Collect$$rtentry$$0000000C          0x0800014e   Section        0  __rtentry2.o(.ARM.Collect$$rtentry$$0000000C)
    .ARM.Collect$$rtentry$$0000000D          0x0800014e   Section        8  __rtentry2.o(.ARM.Collect$$rtentry$$0000000D)
    .ARM.Collect$$rtexit$$00000000           0x08000156   Section        2  rtexit.o(.ARM.Collect$$rtexit$$00000000)
    .ARM.Collect$$rtexit$$00000002           0x08000158   Section        0  rtexit2.o(.ARM.Collect$$rtexit$$00000002)
    .ARM.Collect$$rtexit$$00000003           0x08000158   Section        4  rtexit2.o(.ARM.Collect$$rtexit$$00000003)
    .ARM.Collect$$rtexit$$00000004           0x0800015c   Section        6  rtexit2.o(.ARM.Collect$$rtexit$$00000004)
    .text                                    0x08000164   Section       56  startup_stm32g030xx.o(.text)
    .text                                    0x0800019c   Section        0  rt_memclr.o(.text)
    .text                                    0x080001dc   Section      346  aeabi_sdiv.o(.text)
    .text                                    0x08000336   Section        0  heapauxi.o(.text)
    .text                                    0x0800033c   Section       62  sys_stackheap_outer.o(.text)
    .text                                    0x0800037a   Section        0  exit.o(.text)
    .text                                    0x0800038c   Section        8  libspace.o(.text)
    .text                                    0x08000394   Section        0  sys_exit.o(.text)
    .text                                    0x080003a0   Section        2  use_no_semi.o(.text)
    .text                                    0x080003a2   Section        0  indicate_semi.o(.text)
    i.DMA1_Channel1_IRQHandler               0x080003a4   Section        0  stm32g0xx_it.o(i.DMA1_Channel1_IRQHandler)
    i.DMA1_Channel2_3_IRQHandler             0x080003b4   Section        0  stm32g0xx_it.o(i.DMA1_Channel2_3_IRQHandler)
    i.DMA_CalcDMAMUXChannelBaseAndMask       0x080003c4   Section        0  stm32g0xx_hal_dma.o(i.DMA_CalcDMAMUXChannelBaseAndMask)
    DMA_CalcDMAMUXChannelBaseAndMask         0x080003c5   Thumb Code    44  stm32g0xx_hal_dma.o(i.DMA_CalcDMAMUXChannelBaseAndMask)
    i.DMA_CalcDMAMUXRequestGenBaseAndMask    0x080003f4   Section        0  stm32g0xx_hal_dma.o(i.DMA_CalcDMAMUXRequestGenBaseAndMask)
    DMA_CalcDMAMUXRequestGenBaseAndMask      0x080003f5   Thumb Code    34  stm32g0xx_hal_dma.o(i.DMA_CalcDMAMUXRequestGenBaseAndMask)
    i.DMA_SetConfig                          0x0800041c   Section        0  stm32g0xx_hal_dma.o(i.DMA_SetConfig)
    DMA_SetConfig                            0x0800041d   Thumb Code    66  stm32g0xx_hal_dma.o(i.DMA_SetConfig)
    i.Error_Handler                          0x08000464   Section        0  main.o(i.Error_Handler)
    i.HAL_DMA_Abort                          0x08000468   Section        0  stm32g0xx_hal_dma.o(i.HAL_DMA_Abort)
    i.HAL_DMA_Abort_IT                       0x080004dc   Section        0  stm32g0xx_hal_dma.o(i.HAL_DMA_Abort_IT)
    i.HAL_DMA_IRQHandler                     0x08000558   Section        0  stm32g0xx_hal_dma.o(i.HAL_DMA_IRQHandler)
    i.HAL_DMA_Init                           0x08000610   Section        0  stm32g0xx_hal_dma.o(i.HAL_DMA_Init)
    i.HAL_DMA_Start_IT                       0x080006b4   Section        0  stm32g0xx_hal_dma.o(i.HAL_DMA_Start_IT)
    i.HAL_Delay                              0x08000740   Section        0  stm32g0xx_hal.o(i.HAL_Delay)
    i.HAL_GPIO_Init                          0x08000764   Section        0  stm32g0xx_hal_gpio.o(i.HAL_GPIO_Init)
    i.HAL_GPIO_ReadPin                       0x080008c0   Section        0  stm32g0xx_hal_gpio.o(i.HAL_GPIO_ReadPin)
    i.HAL_GPIO_WritePin                      0x080008ca   Section        0  stm32g0xx_hal_gpio.o(i.HAL_GPIO_WritePin)
    i.HAL_GetTick                            0x080008d8   Section        0  stm32g0xx_hal.o(i.HAL_GetTick)
    i.HAL_IncTick                            0x080008e4   Section        0  stm32g0xx_hal.o(i.HAL_IncTick)
    i.HAL_Init                               0x080008f4   Section        0  stm32g0xx_hal.o(i.HAL_Init)
    i.HAL_InitTick                           0x0800091c   Section        0  stm32g0xx_hal.o(i.HAL_InitTick)
    i.HAL_MspInit                            0x08000964   Section        0  stm32g0xx_hal_msp.o(i.HAL_MspInit)
    i.HAL_NVIC_EnableIRQ                     0x08000990   Section        0  stm32g0xx_hal_cortex.o(i.HAL_NVIC_EnableIRQ)
    i.HAL_NVIC_SetPriority                   0x080009a8   Section        0  stm32g0xx_hal_cortex.o(i.HAL_NVIC_SetPriority)
    i.HAL_PWREx_ControlVoltageScaling        0x080009b0   Section        0  stm32g0xx_hal_pwr_ex.o(i.HAL_PWREx_ControlVoltageScaling)
    i.HAL_RCCEx_PeriphCLKConfig              0x080009fc   Section        0  stm32g0xx_hal_rcc_ex.o(i.HAL_RCCEx_PeriphCLKConfig)
    i.HAL_RCC_ClockConfig                    0x08000b48   Section        0  stm32g0xx_hal_rcc.o(i.HAL_RCC_ClockConfig)
    i.HAL_RCC_GetPCLK1Freq                   0x08000ca0   Section        0  stm32g0xx_hal_rcc.o(i.HAL_RCC_GetPCLK1Freq)
    i.HAL_RCC_GetSysClockFreq                0x08000cc8   Section        0  stm32g0xx_hal_rcc.o(i.HAL_RCC_GetSysClockFreq)
    i.HAL_RCC_OscConfig                      0x08000d54   Section        0  stm32g0xx_hal_rcc.o(i.HAL_RCC_OscConfig)
    i.HAL_SPI_Init                           0x0800112c   Section        0  stm32g0xx_hal_spi.o(i.HAL_SPI_Init)
    i.HAL_SPI_MspInit                        0x0800121c   Section        0  spi.o(i.HAL_SPI_MspInit)
    i.HAL_SPI_Transmit                       0x0800127c   Section        0  stm32g0xx_hal_spi.o(i.HAL_SPI_Transmit)
    i.HAL_SPI_TransmitReceive                0x080013dc   Section        0  stm32g0xx_hal_spi.o(i.HAL_SPI_TransmitReceive)
    i.HAL_SYSTICK_Config                     0x080015d4   Section        0  stm32g0xx_hal_cortex.o(i.HAL_SYSTICK_Config)
    i.HAL_TIMEx_Break2Callback               0x08001604   Section        0  stm32g0xx_hal_tim_ex.o(i.HAL_TIMEx_Break2Callback)
    i.HAL_TIMEx_BreakCallback                0x08001606   Section        0  stm32g0xx_hal_tim_ex.o(i.HAL_TIMEx_BreakCallback)
    i.HAL_TIMEx_CommutCallback               0x08001608   Section        0  stm32g0xx_hal_tim_ex.o(i.HAL_TIMEx_CommutCallback)
    i.HAL_TIMEx_ConfigBreakDeadTime          0x0800160c   Section        0  stm32g0xx_hal_tim_ex.o(i.HAL_TIMEx_ConfigBreakDeadTime)
    i.HAL_TIMEx_MasterConfigSynchronization  0x080016b4   Section        0  stm32g0xx_hal_tim_ex.o(i.HAL_TIMEx_MasterConfigSynchronization)
    i.HAL_TIM_Base_Init                      0x08001718   Section        0  stm32g0xx_hal_tim.o(i.HAL_TIM_Base_Init)
    i.HAL_TIM_Base_MspInit                   0x08001764   Section        0  tim.o(i.HAL_TIM_Base_MspInit)
    i.HAL_TIM_Base_Start                     0x080017b8   Section        0  stm32g0xx_hal_tim.o(i.HAL_TIM_Base_Start)
    i.HAL_TIM_Base_Start_IT                  0x08001800   Section        0  stm32g0xx_hal_tim.o(i.HAL_TIM_Base_Start_IT)
    i.HAL_TIM_ConfigClockSource              0x08001850   Section        0  stm32g0xx_hal_tim.o(i.HAL_TIM_ConfigClockSource)
    i.HAL_TIM_IC_CaptureCallback             0x08001930   Section        0  stm32g0xx_hal_tim.o(i.HAL_TIM_IC_CaptureCallback)
    i.HAL_TIM_IRQHandler                     0x08001934   Section        0  stm32g0xx_hal_tim.o(i.HAL_TIM_IRQHandler)
    i.HAL_TIM_MspPostInit                    0x08001a7c   Section        0  tim.o(i.HAL_TIM_MspPostInit)
    i.HAL_TIM_OC_DelayElapsedCallback        0x08001acc   Section        0  stm32g0xx_hal_tim.o(i.HAL_TIM_OC_DelayElapsedCallback)
    i.HAL_TIM_PWM_ConfigChannel              0x08001ace   Section        0  stm32g0xx_hal_tim.o(i.HAL_TIM_PWM_ConfigChannel)
    i.HAL_TIM_PWM_Init                       0x08001bf6   Section        0  stm32g0xx_hal_tim.o(i.HAL_TIM_PWM_Init)
    i.HAL_TIM_PWM_MspInit                    0x08001c42   Section        0  stm32g0xx_hal_tim.o(i.HAL_TIM_PWM_MspInit)
    i.HAL_TIM_PWM_PulseFinishedCallback      0x08001c44   Section        0  stm32g0xx_hal_tim.o(i.HAL_TIM_PWM_PulseFinishedCallback)
    i.HAL_TIM_PWM_Start                      0x08001c48   Section        0  stm32g0xx_hal_tim.o(i.HAL_TIM_PWM_Start)
    i.HAL_TIM_PeriodElapsedCallback          0x08001d08   Section        0  system.o(i.HAL_TIM_PeriodElapsedCallback)
    i.HAL_TIM_TriggerCallback                0x08001d40   Section        0  stm32g0xx_hal_tim.o(i.HAL_TIM_TriggerCallback)
    i.HAL_UARTEx_DisableFifoMode             0x08001d42   Section        0  stm32g0xx_hal_uart_ex.o(i.HAL_UARTEx_DisableFifoMode)
    i.HAL_UARTEx_RxEventCallback             0x08001d7e   Section        0  stm32g0xx_hal_uart.o(i.HAL_UARTEx_RxEventCallback)
    i.HAL_UARTEx_RxFifoFullCallback          0x08001d80   Section        0  stm32g0xx_hal_uart_ex.o(i.HAL_UARTEx_RxFifoFullCallback)
    i.HAL_UARTEx_SetRxFifoThreshold          0x08001d82   Section        0  stm32g0xx_hal_uart_ex.o(i.HAL_UARTEx_SetRxFifoThreshold)
    i.HAL_UARTEx_SetTxFifoThreshold          0x08001dca   Section        0  stm32g0xx_hal_uart_ex.o(i.HAL_UARTEx_SetTxFifoThreshold)
    i.HAL_UARTEx_TxFifoEmptyCallback         0x08001e10   Section        0  stm32g0xx_hal_uart_ex.o(i.HAL_UARTEx_TxFifoEmptyCallback)
    i.HAL_UARTEx_WakeupCallback              0x08001e12   Section        0  stm32g0xx_hal_uart_ex.o(i.HAL_UARTEx_WakeupCallback)
    i.HAL_UART_ErrorCallback                 0x08001e14   Section        0  stm32g0xx_hal_uart.o(i.HAL_UART_ErrorCallback)
    i.HAL_UART_IRQHandler                    0x08001e18   Section        0  stm32g0xx_hal_uart.o(i.HAL_UART_IRQHandler)
    i.HAL_UART_Init                          0x08002108   Section        0  stm32g0xx_hal_uart.o(i.HAL_UART_Init)
    i.HAL_UART_MspInit                       0x08002174   Section        0  usart.o(i.HAL_UART_MspInit)
    i.HAL_UART_Receive_DMA                   0x0800226c   Section        0  stm32g0xx_hal_uart.o(i.HAL_UART_Receive_DMA)
    i.HAL_UART_RxCpltCallback                0x080022c4   Section        0  serial.o(i.HAL_UART_RxCpltCallback)
    i.HAL_UART_RxHalfCpltCallback            0x080022ec   Section        0  stm32g0xx_hal_uart.o(i.HAL_UART_RxHalfCpltCallback)
    i.HAL_UART_Transmit_DMA                  0x080022f0   Section        0  stm32g0xx_hal_uart.o(i.HAL_UART_Transmit_DMA)
    i.HAL_UART_TxCpltCallback                0x0800239c   Section        0  serial.o(i.HAL_UART_TxCpltCallback)
    i.HAL_UART_TxHalfCpltCallback            0x080023b4   Section        0  stm32g0xx_hal_uart.o(i.HAL_UART_TxHalfCpltCallback)
    i.HardFault_Handler                      0x080023b6   Section        0  stm32g0xx_it.o(i.HardFault_Handler)
    i.MX_DMA_Init                            0x080023b8   Section        0  dma.o(i.MX_DMA_Init)
    i.MX_GPIO_Init                           0x080023f0   Section        0  gpio.o(i.MX_GPIO_Init)
    i.MX_SPI1_Init                           0x08002488   Section        0  spi.o(i.MX_SPI1_Init)
    i.MX_TIM1_Init                           0x080024d4   Section        0  tim.o(i.MX_TIM1_Init)
    i.MX_TIM3_Init                           0x080025d0   Section        0  tim.o(i.MX_TIM3_Init)
    i.MX_USART1_UART_Init                    0x08002640   Section        0  usart.o(i.MX_USART1_UART_Init)
    i.NMI_Handler                            0x080026a8   Section        0  stm32g0xx_it.o(i.NMI_Handler)
    i.PendSV_Handler                         0x080026aa   Section        0  stm32g0xx_it.o(i.PendSV_Handler)
    i.SPI_EndRxTxTransaction                 0x080026ac   Section        0  stm32g0xx_hal_spi.o(i.SPI_EndRxTxTransaction)
    SPI_EndRxTxTransaction                   0x080026ad   Thumb Code    76  stm32g0xx_hal_spi.o(i.SPI_EndRxTxTransaction)
    i.SPI_WaitFifoStateUntilTimeout          0x080026f8   Section        0  stm32g0xx_hal_spi.o(i.SPI_WaitFifoStateUntilTimeout)
    SPI_WaitFifoStateUntilTimeout            0x080026f9   Thumb Code   212  stm32g0xx_hal_spi.o(i.SPI_WaitFifoStateUntilTimeout)
    i.SPI_WaitFlagStateUntilTimeout          0x080027d0   Section        0  stm32g0xx_hal_spi.o(i.SPI_WaitFlagStateUntilTimeout)
    SPI_WaitFlagStateUntilTimeout            0x080027d1   Thumb Code   180  stm32g0xx_hal_spi.o(i.SPI_WaitFlagStateUntilTimeout)
    i.SVC_Handler                            0x08002888   Section        0  stm32g0xx_it.o(i.SVC_Handler)
    i.SysTick_Handler                        0x0800288a   Section        0  stm32g0xx_it.o(i.SysTick_Handler)
    i.SystemClock_Config                     0x08002892   Section        0  main.o(i.SystemClock_Config)
    i.SystemInit                             0x080028fa   Section        0  system_stm32g0xx.o(i.SystemInit)
    i.TIM3_IRQHandler                        0x080028fc   Section        0  stm32g0xx_it.o(i.TIM3_IRQHandler)
    i.TIM_Base_SetConfig                     0x0800290c   Section        0  stm32g0xx_hal_tim.o(i.TIM_Base_SetConfig)
    i.TIM_CCxChannelCmd                      0x08002994   Section        0  stm32g0xx_hal_tim.o(i.TIM_CCxChannelCmd)
    i.TIM_ETR_SetConfig                      0x080029ae   Section        0  stm32g0xx_hal_tim.o(i.TIM_ETR_SetConfig)
    i.TIM_ITRx_SetConfig                     0x080029c4   Section        0  stm32g0xx_hal_tim.o(i.TIM_ITRx_SetConfig)
    TIM_ITRx_SetConfig                       0x080029c5   Thumb Code    16  stm32g0xx_hal_tim.o(i.TIM_ITRx_SetConfig)
    i.TIM_OC1_SetConfig                      0x080029d8   Section        0  stm32g0xx_hal_tim.o(i.TIM_OC1_SetConfig)
    TIM_OC1_SetConfig                        0x080029d9   Thumb Code   108  stm32g0xx_hal_tim.o(i.TIM_OC1_SetConfig)
    i.TIM_OC2_SetConfig                      0x08002a54   Section        0  stm32g0xx_hal_tim.o(i.TIM_OC2_SetConfig)
    i.TIM_OC3_SetConfig                      0x08002ad0   Section        0  stm32g0xx_hal_tim.o(i.TIM_OC3_SetConfig)
    TIM_OC3_SetConfig                        0x08002ad1   Thumb Code   108  stm32g0xx_hal_tim.o(i.TIM_OC3_SetConfig)
    i.TIM_OC4_SetConfig                      0x08002b4c   Section        0  stm32g0xx_hal_tim.o(i.TIM_OC4_SetConfig)
    TIM_OC4_SetConfig                        0x08002b4d   Thumb Code    88  stm32g0xx_hal_tim.o(i.TIM_OC4_SetConfig)
    i.TIM_OC5_SetConfig                      0x08002bb4   Section        0  stm32g0xx_hal_tim.o(i.TIM_OC5_SetConfig)
    TIM_OC5_SetConfig                        0x08002bb5   Thumb Code    74  stm32g0xx_hal_tim.o(i.TIM_OC5_SetConfig)
    i.TIM_OC6_SetConfig                      0x08002c10   Section        0  stm32g0xx_hal_tim.o(i.TIM_OC6_SetConfig)
    TIM_OC6_SetConfig                        0x08002c11   Thumb Code    84  stm32g0xx_hal_tim.o(i.TIM_OC6_SetConfig)
    i.TIM_TI1_ConfigInputStage               0x08002c74   Section        0  stm32g0xx_hal_tim.o(i.TIM_TI1_ConfigInputStage)
    TIM_TI1_ConfigInputStage                 0x08002c75   Thumb Code    34  stm32g0xx_hal_tim.o(i.TIM_TI1_ConfigInputStage)
    i.TIM_TI2_ConfigInputStage               0x08002c96   Section        0  stm32g0xx_hal_tim.o(i.TIM_TI2_ConfigInputStage)
    TIM_TI2_ConfigInputStage                 0x08002c97   Thumb Code    38  stm32g0xx_hal_tim.o(i.TIM_TI2_ConfigInputStage)
    i.UARTEx_SetNbDataToProcess              0x08002cbc   Section        0  stm32g0xx_hal_uart_ex.o(i.UARTEx_SetNbDataToProcess)
    UARTEx_SetNbDataToProcess                0x08002cbd   Thumb Code    62  stm32g0xx_hal_uart_ex.o(i.UARTEx_SetNbDataToProcess)
    i.UART_AdvFeatureConfig                  0x08002d00   Section        0  stm32g0xx_hal_uart.o(i.UART_AdvFeatureConfig)
    i.UART_CheckIdleState                    0x08002dcc   Section        0  stm32g0xx_hal_uart.o(i.UART_CheckIdleState)
    i.UART_DMAAbortOnError                   0x08002e84   Section        0  stm32g0xx_hal_uart.o(i.UART_DMAAbortOnError)
    UART_DMAAbortOnError                     0x08002e85   Thumb Code    20  stm32g0xx_hal_uart.o(i.UART_DMAAbortOnError)
    i.UART_DMAError                          0x08002e98   Section        0  stm32g0xx_hal_uart.o(i.UART_DMAError)
    UART_DMAError                            0x08002e99   Thumb Code    78  stm32g0xx_hal_uart.o(i.UART_DMAError)
    i.UART_DMAReceiveCplt                    0x08002ee6   Section        0  stm32g0xx_hal_uart.o(i.UART_DMAReceiveCplt)
    UART_DMAReceiveCplt                      0x08002ee7   Thumb Code   156  stm32g0xx_hal_uart.o(i.UART_DMAReceiveCplt)
    i.UART_DMARxHalfCplt                     0x08002f82   Section        0  stm32g0xx_hal_uart.o(i.UART_DMARxHalfCplt)
    UART_DMARxHalfCplt                       0x08002f83   Thumb Code    32  stm32g0xx_hal_uart.o(i.UART_DMARxHalfCplt)
    i.UART_DMATransmitCplt                   0x08002fa2   Section        0  stm32g0xx_hal_uart.o(i.UART_DMATransmitCplt)
    UART_DMATransmitCplt                     0x08002fa3   Thumb Code    76  stm32g0xx_hal_uart.o(i.UART_DMATransmitCplt)
    i.UART_DMATxHalfCplt                     0x08002fee   Section        0  stm32g0xx_hal_uart.o(i.UART_DMATxHalfCplt)
    UART_DMATxHalfCplt                       0x08002fef   Thumb Code    10  stm32g0xx_hal_uart.o(i.UART_DMATxHalfCplt)
    i.UART_EndRxTransfer                     0x08002ff8   Section        0  stm32g0xx_hal_uart.o(i.UART_EndRxTransfer)
    UART_EndRxTransfer                       0x08002ff9   Thumb Code    96  stm32g0xx_hal_uart.o(i.UART_EndRxTransfer)
    i.UART_EndTxTransfer                     0x0800305c   Section        0  stm32g0xx_hal_uart.o(i.UART_EndTxTransfer)
    UART_EndTxTransfer                       0x0800305d   Thumb Code    60  stm32g0xx_hal_uart.o(i.UART_EndTxTransfer)
    i.UART_SetConfig                         0x08003098   Section        0  stm32g0xx_hal_uart.o(i.UART_SetConfig)
    i.UART_Start_Receive_DMA                 0x08003200   Section        0  stm32g0xx_hal_uart.o(i.UART_Start_Receive_DMA)
    i.UART_WaitOnFlagUntilTimeout            0x080032ac   Section        0  stm32g0xx_hal_uart.o(i.UART_WaitOnFlagUntilTimeout)
    i.USART1_IRQHandler                      0x0800333c   Section        0  stm32g0xx_it.o(i.USART1_IRQHandler)
    i.__NVIC_SetPriority                     0x0800334c   Section        0  stm32g0xx_hal_cortex.o(i.__NVIC_SetPriority)
    __NVIC_SetPriority                       0x0800334d   Thumb Code    60  stm32g0xx_hal_cortex.o(i.__NVIC_SetPriority)
    i.clear_uart_rx_buffer                   0x08003390   Section        0  serial.o(i.clear_uart_rx_buffer)
    i.get_rf_state                           0x080033b0   Section        0  system.o(i.get_rf_state)
    i.handle_led_state                       0x080033cc   Section        0  system.o(i.handle_led_state)
    i.handle_rf_config                       0x0800347c   Section        0  serial.o(i.handle_rf_config)
    i.handle_serial_rx                       0x08003564   Section        0  serial.o(i.handle_serial_rx)
    i.ir_marker_init                         0x08003674   Section        0  system.o(i.ir_marker_init)
    i.ir_marker_set_intensity                0x080036a4   Section        0  system.o(i.ir_marker_set_intensity)
    i.main                                   0x080036c8   Section        0  main.o(i.main)
    i.radio_init                             0x080036f4   Section        0  system.o(i.radio_init)
    i.serial_init                            0x08003794   Section        0  serial.o(i.serial_init)
    i.set_rf_state                           0x080037ac   Section        0  system.o(i.set_rf_state)
    i.si24r1_check                           0x080037c4   Section        0  si24r1.o(i.si24r1_check)
    i.si24r1_clear_irq_flag                  0x08003834   Section        0  si24r1.o(i.si24r1_clear_irq_flag)
    i.si24r1_fast_check                      0x08003896   Section        0  si24r1.o(i.si24r1_fast_check)
    i.si24r1_fast_clear                      0x080038b6   Section        0  si24r1.o(i.si24r1_fast_clear)
    i.si24r1_fast_rx                         0x080038d0   Section        0  si24r1.o(i.si24r1_fast_rx)
    i.si24r1_fast_tx                         0x08003910   Section        0  si24r1.o(i.si24r1_fast_tx)
    i.si24r1_init                            0x0800396c   Section        0  si24r1.o(i.si24r1_init)
    i.si24r1_read_status_reg                 0x08003a40   Section        0  si24r1.o(i.si24r1_read_status_reg)
    i.si24r1_set_channel                     0x08003a8a   Section        0  si24r1.o(i.si24r1_set_channel)
    i.si24r1_set_mode                        0x08003a9a   Section        0  si24r1.o(i.si24r1_set_mode)
    i.si24r1_set_power                       0x08003aca   Section        0  si24r1.o(i.si24r1_set_power)
    i.si24r1_set_rx_addr                     0x08003aee   Section        0  si24r1.o(i.si24r1_set_rx_addr)
    i.si24r1_set_speed                       0x08003b08   Section        0  si24r1.o(i.si24r1_set_speed)
    i.si24r1_set_tx_addr                     0x08003b40   Section        0  si24r1.o(i.si24r1_set_tx_addr)
    i.spi_read_buf                           0x08003b56   Section        0  si24r1.o(i.spi_read_buf)
    i.spi_read_reg                           0x08003bb6   Section        0  si24r1.o(i.spi_read_reg)
    i.spi_read_write_byte                    0x08003c08   Section        0  si24r1.o(i.spi_read_write_byte)
    i.spi_write_buf                          0x08003c2c   Section        0  si24r1.o(i.spi_write_buf)
    i.spi_write_reg                          0x08003c8e   Section        0  si24r1.o(i.spi_write_reg)
    i.system_init                            0x08003ce0   Section        0  system.o(i.system_init)
    i.system_loop                            0x08003d20   Section        0  system.o(i.system_loop)
    i.uart_tx_dma                            0x08003e44   Section        0  serial.o(i.uart_tx_dma)
    i.write_tx_buffer                        0x08003e80   Section        0  system.o(i.write_tx_buffer)
    .constdata                               0x08003ed4   Section       24  stm32g0xx_hal_uart.o(.constdata)
    .constdata                               0x08003eec   Section       16  stm32g0xx_hal_uart_ex.o(.constdata)
    numerator                                0x08003eec   Data           8  stm32g0xx_hal_uart_ex.o(.constdata)
    denominator                              0x08003ef4   Data           8  stm32g0xx_hal_uart_ex.o(.constdata)
    .constdata                               0x08003efc   Section       64  system_stm32g0xx.o(.constdata)
    .constdata                               0x08003f3c   Section       32  system_stm32g0xx.o(.constdata)
    .data                                    0x20000000   Section       12  stm32g0xx_hal.o(.data)
    .data                                    0x2000000c   Section        4  system_stm32g0xx.o(.data)
    .data                                    0x20000010   Section       24  system.o(.data)
    rf1_state                                0x20000010   Data           1  system.o(.data)
    rf2_state                                0x20000011   Data           1  system.o(.data)
    rf1_has_new_data_to_send                 0x20000012   Data           1  system.o(.data)
    rf1_is_sending_data                      0x20000013   Data           1  system.o(.data)
    rf2_has_new_data_to_send                 0x20000014   Data           1  system.o(.data)
    rf2_is_sending_data                      0x20000015   Data           1  system.o(.data)
    tick_update                              0x20000016   Data           1  system.o(.data)
    system_init_flag                         0x20000017   Data           1  system.o(.data)
    rf1_wait_time_ms                         0x20000018   Data           2  system.o(.data)
    rf1_timeout_count                        0x2000001a   Data           2  system.o(.data)
    rf2_wait_time_ms                         0x2000001c   Data           2  system.o(.data)
    rf2_timeout_count                        0x2000001e   Data           2  system.o(.data)
    tick_count                               0x20000020   Data           2  system.o(.data)
    system_time                              0x20000024   Data           4  system.o(.data)
    .data                                    0x20000028   Section        4  serial.o(.data)
    uart_rx_buffer_ptr                       0x20000029   Data           1  serial.o(.data)
    is_uart_tx_dma_sending                   0x2000002a   Data           1  serial.o(.data)
    uart_rx_state                            0x2000002b   Data           1  serial.o(.data)
    .bss                                     0x2000002c   Section      100  spi.o(.bss)
    .bss                                     0x20000090   Section      152  tim.o(.bss)
    .bss                                     0x20000128   Section      332  usart.o(.bss)
    .bss                                     0x20000274   Section      128  system.o(.bss)
    m1_tx_buffer                             0x20000274   Data          32  system.o(.bss)
    m2_tx_buffer                             0x20000294   Data          32  system.o(.bss)
    m1_rx_buffer                             0x200002b4   Data          32  system.o(.bss)
    m2_rx_buffer                             0x200002d4   Data          32  system.o(.bss)
    .bss                                     0x200002f4   Section       64  serial.o(.bss)
    uart_rx_buffer                           0x200002f4   Data          32  serial.o(.bss)
    uart_tx_buffer                           0x20000314   Data          32  serial.o(.bss)
    .bss                                     0x20000334   Section       96  libspace.o(.bss)
    HEAP                                     0x20000398   Section      512  startup_stm32g030xx.o(HEAP)
    Heap_Mem                                 0x20000398   Data         512  startup_stm32g030xx.o(HEAP)
    STACK                                    0x20000598   Section     1024  startup_stm32g030xx.o(STACK)
    Stack_Mem                                0x20000598   Data        1024  startup_stm32g030xx.o(STACK)
    __initial_sp                             0x20000998   Data           0  startup_stm32g030xx.o(STACK)

    Global Symbols

    Symbol Name                              Value     Ov Type        Size  Object(Section)

    BuildAttributes$$THM_ISAv3M$S$PE$A:L22$X:L11$S22$IEEE1$IW$USESV6$~STKCKD$USESV7$~SHL$OSPACE$ROPI$EBA8$UX$STANDARDLIB$REQ8$PRES8$EABIv2 0x00000000   Number         0  anon$$obj.o ABSOLUTE
    __ARM_use_no_argv                        0x00000000   Number         0  main.o ABSOLUTE
    __ARM_exceptions_init                     - Undefined Weak Reference
    __alloca_initialize                       - Undefined Weak Reference
    __arm_fini_                               - Undefined Weak Reference
    __arm_preinit_                            - Undefined Weak Reference
    __cpp_initialize__aeabi_                  - Undefined Weak Reference
    __cxa_finalize                            - Undefined Weak Reference
    __rt_locale                               - Undefined Weak Reference
    __sigvec_lookup                           - Undefined Weak Reference
    _atexit_init                              - Undefined Weak Reference
    _call_atexit_fns                          - Undefined Weak Reference
    _clock_init                               - Undefined Weak Reference
    _fp_trap_init                             - Undefined Weak Reference
    _fp_trap_shutdown                         - Undefined Weak Reference
    _get_lc_collate                           - Undefined Weak Reference
    _get_lc_ctype                             - Undefined Weak Reference
    _get_lc_monetary                          - Undefined Weak Reference
    _get_lc_numeric                           - Undefined Weak Reference
    _get_lc_time                              - Undefined Weak Reference
    _getenv_init                              - Undefined Weak Reference
    _handle_redirection                       - Undefined Weak Reference
    _init_alloc                               - Undefined Weak Reference
    _init_user_alloc                          - Undefined Weak Reference
    _initio                                   - Undefined Weak Reference
    _rand_init                                - Undefined Weak Reference
    _signal_finish                            - Undefined Weak Reference
    _signal_init                              - Undefined Weak Reference
    _terminate_alloc                          - Undefined Weak Reference
    _terminate_user_alloc                     - Undefined Weak Reference
    _terminateio                              - Undefined Weak Reference
    __Vectors_Size                           0x000000c0   Number         0  startup_stm32g030xx.o ABSOLUTE
    __Vectors                                0x08000000   Data           4  startup_stm32g030xx.o(RESET)
    __Vectors_End                            0x080000c0   Data           0  startup_stm32g030xx.o(RESET)
    __main                                   0x080000c1   Thumb Code     8  __main.o(!!!main)
    __scatterload                            0x080000c9   Thumb Code     0  __scatter.o(!!!scatter)
    __scatterload_rt2                        0x080000c9   Thumb Code    52  __scatter.o(!!!scatter)
    __scatterload_rt2_thumb_only             0x080000c9   Thumb Code     0  __scatter.o(!!!scatter)
    __scatterload_null                       0x080000d9   Thumb Code     0  __scatter.o(!!!scatter)
    __scatterload_copy                       0x08000105   Thumb Code    26  __scatter_copy.o(!!handler_copy)
    __scatterload_zeroinit                   0x08000121   Thumb Code    28  __scatter_zi.o(!!handler_zi)
    __rt_lib_init                            0x0800013d   Thumb Code     0  libinit.o(.ARM.Collect$$libinit$$00000000)
    __rt_lib_init_alloca_1                   0x0800013f   Thumb Code     0  libinit2.o(.ARM.Collect$$libinit$$0000002E)
    __rt_lib_init_argv_1                     0x0800013f   Thumb Code     0  libinit2.o(.ARM.Collect$$libinit$$0000002C)
    __rt_lib_init_atexit_1                   0x0800013f   Thumb Code     0  libinit2.o(.ARM.Collect$$libinit$$0000001B)
    __rt_lib_init_clock_1                    0x0800013f   Thumb Code     0  libinit2.o(.ARM.Collect$$libinit$$00000021)
    __rt_lib_init_cpp_1                      0x0800013f   Thumb Code     0  libinit2.o(.ARM.Collect$$libinit$$00000032)
    __rt_lib_init_exceptions_1               0x0800013f   Thumb Code     0  libinit2.o(.ARM.Collect$$libinit$$00000030)
    __rt_lib_init_fp_1                       0x0800013f   Thumb Code     0  libinit2.o(.ARM.Collect$$libinit$$00000002)
    __rt_lib_init_fp_trap_1                  0x0800013f   Thumb Code     0  libinit2.o(.ARM.Collect$$libinit$$0000001F)
    __rt_lib_init_getenv_1                   0x0800013f   Thumb Code     0  libinit2.o(.ARM.Collect$$libinit$$00000023)
    __rt_lib_init_heap_1                     0x0800013f   Thumb Code     0  libinit2.o(.ARM.Collect$$libinit$$0000000A)
    __rt_lib_init_lc_collate_1               0x0800013f   Thumb Code     0  libinit2.o(.ARM.Collect$$libinit$$00000011)
    __rt_lib_init_lc_ctype_1                 0x0800013f   Thumb Code     0  libinit2.o(.ARM.Collect$$libinit$$00000013)
    __rt_lib_init_lc_monetary_1              0x0800013f   Thumb Code     0  libinit2.o(.ARM.Collect$$libinit$$00000015)
    __rt_lib_init_lc_numeric_1               0x0800013f   Thumb Code     0  libinit2.o(.ARM.Collect$$libinit$$00000017)
    __rt_lib_init_lc_time_1                  0x0800013f   Thumb Code     0  libinit2.o(.ARM.Collect$$libinit$$00000019)
    __rt_lib_init_preinit_1                  0x0800013f   Thumb Code     0  libinit2.o(.ARM.Collect$$libinit$$00000004)
    __rt_lib_init_rand_1                     0x0800013f   Thumb Code     0  libinit2.o(.ARM.Collect$$libinit$$0000000E)
    __rt_lib_init_return                     0x0800013f   Thumb Code     0  libinit2.o(.ARM.Collect$$libinit$$00000033)
    __rt_lib_init_signal_1                   0x0800013f   Thumb Code     0  libinit2.o(.ARM.Collect$$libinit$$0000001D)
    __rt_lib_init_stdio_1                    0x0800013f   Thumb Code     0  libinit2.o(.ARM.Collect$$libinit$$00000025)
    __rt_lib_init_user_alloc_1               0x0800013f   Thumb Code     0  libinit2.o(.ARM.Collect$$libinit$$0000000C)
    __rt_lib_shutdown                        0x08000141   Thumb Code     0  libshutdown.o(.ARM.Collect$$libshutdown$$00000000)
    __rt_lib_shutdown_cpp_1                  0x08000143   Thumb Code     0  libshutdown2.o(.ARM.Collect$$libshutdown$$00000004)
    __rt_lib_shutdown_fini_1                 0x08000143   Thumb Code     0  libshutdown2.o(.ARM.Collect$$libshutdown$$00000002)
    __rt_lib_shutdown_fp_trap_1              0x08000143   Thumb Code     0  libshutdown2.o(.ARM.Collect$$libshutdown$$00000009)
    __rt_lib_shutdown_heap_1                 0x08000143   Thumb Code     0  libshutdown2.o(.ARM.Collect$$libshutdown$$00000011)
    __rt_lib_shutdown_return                 0x08000143   Thumb Code     0  libshutdown2.o(.ARM.Collect$$libshutdown$$00000012)
    __rt_lib_shutdown_signal_1               0x08000143   Thumb Code     0  libshutdown2.o(.ARM.Collect$$libshutdown$$0000000C)
    __rt_lib_shutdown_stdio_1                0x08000143   Thumb Code     0  libshutdown2.o(.ARM.Collect$$libshutdown$$00000006)
    __rt_lib_shutdown_user_alloc_1           0x08000143   Thumb Code     0  libshutdown2.o(.ARM.Collect$$libshutdown$$0000000E)
    __rt_entry                               0x08000145   Thumb Code     0  __rtentry.o(.ARM.Collect$$rtentry$$00000000)
    __rt_entry_presh_1                       0x08000145   Thumb Code     0  __rtentry2.o(.ARM.Collect$$rtentry$$00000002)
    __rt_entry_sh                            0x08000145   Thumb Code     0  __rtentry4.o(.ARM.Collect$$rtentry$$00000004)
    __rt_entry_li                            0x0800014b   Thumb Code     0  __rtentry2.o(.ARM.Collect$$rtentry$$0000000A)
    __rt_entry_postsh_1                      0x0800014b   Thumb Code     0  __rtentry2.o(.ARM.Collect$$rtentry$$00000009)
    __rt_entry_main                          0x0800014f   Thumb Code     0  __rtentry2.o(.ARM.Collect$$rtentry$$0000000D)
    __rt_entry_postli_1                      0x0800014f   Thumb Code     0  __rtentry2.o(.ARM.Collect$$rtentry$$0000000C)
    __rt_exit                                0x08000157   Thumb Code     0  rtexit.o(.ARM.Collect$$rtexit$$00000000)
    __rt_exit_ls                             0x08000159   Thumb Code     0  rtexit2.o(.ARM.Collect$$rtexit$$00000003)
    __rt_exit_prels_1                        0x08000159   Thumb Code     0  rtexit2.o(.ARM.Collect$$rtexit$$00000002)
    __rt_exit_exit                           0x0800015d   Thumb Code     0  rtexit2.o(.ARM.Collect$$rtexit$$00000004)
    Reset_Handler                            0x08000165   Thumb Code     8  startup_stm32g030xx.o(.text)
    ADC1_IRQHandler                          0x08000177   Thumb Code     0  startup_stm32g030xx.o(.text)
    DMA1_Ch4_5_DMAMUX1_OVR_IRQHandler        0x08000177   Thumb Code     0  startup_stm32g030xx.o(.text)
    EXTI0_1_IRQHandler                       0x08000177   Thumb Code     0  startup_stm32g030xx.o(.text)
    EXTI2_3_IRQHandler                       0x08000177   Thumb Code     0  startup_stm32g030xx.o(.text)
    EXTI4_15_IRQHandler                      0x08000177   Thumb Code     0  startup_stm32g030xx.o(.text)
    FLASH_IRQHandler                         0x08000177   Thumb Code     0  startup_stm32g030xx.o(.text)
    I2C1_IRQHandler                          0x08000177   Thumb Code     0  startup_stm32g030xx.o(.text)
    I2C2_IRQHandler                          0x08000177   Thumb Code     0  startup_stm32g030xx.o(.text)
    RCC_IRQHandler                           0x08000177   Thumb Code     0  startup_stm32g030xx.o(.text)
    RTC_TAMP_IRQHandler                      0x08000177   Thumb Code     0  startup_stm32g030xx.o(.text)
    SPI1_IRQHandler                          0x08000177   Thumb Code     0  startup_stm32g030xx.o(.text)
    SPI2_IRQHandler                          0x08000177   Thumb Code     0  startup_stm32g030xx.o(.text)
    TIM14_IRQHandler                         0x08000177   Thumb Code     0  startup_stm32g030xx.o(.text)
    TIM16_IRQHandler                         0x08000177   Thumb Code     0  startup_stm32g030xx.o(.text)
    TIM17_IRQHandler                         0x08000177   Thumb Code     0  startup_stm32g030xx.o(.text)
    TIM1_BRK_UP_TRG_COM_IRQHandler           0x08000177   Thumb Code     0  startup_stm32g030xx.o(.text)
    TIM1_CC_IRQHandler                       0x08000177   Thumb Code     0  startup_stm32g030xx.o(.text)
    USART2_IRQHandler                        0x08000177   Thumb Code     0  startup_stm32g030xx.o(.text)
    WWDG_IRQHandler                          0x08000177   Thumb Code     0  startup_stm32g030xx.o(.text)
    __user_initial_stackheap                 0x08000179   Thumb Code     0  startup_stm32g030xx.o(.text)
    _memset_w                                0x0800019d   Thumb Code    26  rt_memclr.o(.text)
    _memset                                  0x080001b7   Thumb Code    30  rt_memclr.o(.text)
    __aeabi_memclr                           0x080001d5   Thumb Code     4  rt_memclr.o(.text)
    __rt_memclr                              0x080001d5   Thumb Code     0  rt_memclr.o(.text)
    __aeabi_memclr4                          0x080001d9   Thumb Code     0  rt_memclr.o(.text)
    __aeabi_memclr8                          0x080001d9   Thumb Code     0  rt_memclr.o(.text)
    __rt_memclr_w                            0x080001d9   Thumb Code     4  rt_memclr.o(.text)
    __aeabi_uidiv                            0x080001dd   Thumb Code     0  aeabi_sdiv.o(.text)
    __aeabi_uidivmod                         0x080001dd   Thumb Code    20  aeabi_sdiv.o(.text)
    __aeabi_idiv                             0x080001f1   Thumb Code     0  aeabi_sdiv.o(.text)
    __aeabi_idivmod                          0x080001f1   Thumb Code   326  aeabi_sdiv.o(.text)
    __use_two_region_memory                  0x08000337   Thumb Code     2  heapauxi.o(.text)
    __rt_heap_escrow$2region                 0x08000339   Thumb Code     2  heapauxi.o(.text)
    __rt_heap_expand$2region                 0x0800033b   Thumb Code     2  heapauxi.o(.text)
    __user_setup_stackheap                   0x0800033d   Thumb Code    62  sys_stackheap_outer.o(.text)
    exit                                     0x0800037b   Thumb Code    16  exit.o(.text)
    __user_libspace                          0x0800038d   Thumb Code     8  libspace.o(.text)
    __user_perproc_libspace                  0x0800038d   Thumb Code     0  libspace.o(.text)
    __user_perthread_libspace                0x0800038d   Thumb Code     0  libspace.o(.text)
    _sys_exit                                0x08000395   Thumb Code     8  sys_exit.o(.text)
    __I$use$semihosting                      0x080003a1   Thumb Code     0  use_no_semi.o(.text)
    __use_no_semihosting_swi                 0x080003a1   Thumb Code     2  use_no_semi.o(.text)
    __semihosting_library_function           0x080003a3   Thumb Code     0  indicate_semi.o(.text)
    DMA1_Channel1_IRQHandler                 0x080003a5   Thumb Code    10  stm32g0xx_it.o(i.DMA1_Channel1_IRQHandler)
    DMA1_Channel2_3_IRQHandler               0x080003b5   Thumb Code    10  stm32g0xx_it.o(i.DMA1_Channel2_3_IRQHandler)
    Error_Handler                            0x08000465   Thumb Code     4  main.o(i.Error_Handler)
    HAL_DMA_Abort                            0x08000469   Thumb Code   112  stm32g0xx_hal_dma.o(i.HAL_DMA_Abort)
    HAL_DMA_Abort_IT                         0x080004dd   Thumb Code   118  stm32g0xx_hal_dma.o(i.HAL_DMA_Abort_IT)
    HAL_DMA_IRQHandler                       0x08000559   Thumb Code   180  stm32g0xx_hal_dma.o(i.HAL_DMA_IRQHandler)
    HAL_DMA_Init                             0x08000611   Thumb Code   156  stm32g0xx_hal_dma.o(i.HAL_DMA_Init)
    HAL_DMA_Start_IT                         0x080006b5   Thumb Code   136  stm32g0xx_hal_dma.o(i.HAL_DMA_Start_IT)
    HAL_Delay                                0x08000741   Thumb Code    32  stm32g0xx_hal.o(i.HAL_Delay)
    HAL_GPIO_Init                            0x08000765   Thumb Code   330  stm32g0xx_hal_gpio.o(i.HAL_GPIO_Init)
    HAL_GPIO_ReadPin                         0x080008c1   Thumb Code    10  stm32g0xx_hal_gpio.o(i.HAL_GPIO_ReadPin)
    HAL_GPIO_WritePin                        0x080008cb   Thumb Code    12  stm32g0xx_hal_gpio.o(i.HAL_GPIO_WritePin)
    HAL_GetTick                              0x080008d9   Thumb Code     6  stm32g0xx_hal.o(i.HAL_GetTick)
    HAL_IncTick                              0x080008e5   Thumb Code    12  stm32g0xx_hal.o(i.HAL_IncTick)
    HAL_Init                                 0x080008f5   Thumb Code    36  stm32g0xx_hal.o(i.HAL_Init)
    HAL_InitTick                             0x0800091d   Thumb Code    64  stm32g0xx_hal.o(i.HAL_InitTick)
    HAL_MspInit                              0x08000965   Thumb Code    38  stm32g0xx_hal_msp.o(i.HAL_MspInit)
    HAL_NVIC_EnableIRQ                       0x08000991   Thumb Code    18  stm32g0xx_hal_cortex.o(i.HAL_NVIC_EnableIRQ)
    HAL_NVIC_SetPriority                     0x080009a9   Thumb Code     8  stm32g0xx_hal_cortex.o(i.HAL_NVIC_SetPriority)
    HAL_PWREx_ControlVoltageScaling          0x080009b1   Thumb Code    62  stm32g0xx_hal_pwr_ex.o(i.HAL_PWREx_ControlVoltageScaling)
    HAL_RCCEx_PeriphCLKConfig                0x080009fd   Thumb Code   320  stm32g0xx_hal_rcc_ex.o(i.HAL_RCCEx_PeriphCLKConfig)
    HAL_RCC_ClockConfig                      0x08000b49   Thumb Code   318  stm32g0xx_hal_rcc.o(i.HAL_RCC_ClockConfig)
    HAL_RCC_GetPCLK1Freq                     0x08000ca1   Thumb Code    26  stm32g0xx_hal_rcc.o(i.HAL_RCC_GetPCLK1Freq)
    HAL_RCC_GetSysClockFreq                  0x08000cc9   Thumb Code   130  stm32g0xx_hal_rcc.o(i.HAL_RCC_GetSysClockFreq)
    HAL_RCC_OscConfig                        0x08000d55   Thumb Code   946  stm32g0xx_hal_rcc.o(i.HAL_RCC_OscConfig)
    HAL_SPI_Init                             0x0800112d   Thumb Code   238  stm32g0xx_hal_spi.o(i.HAL_SPI_Init)
    HAL_SPI_MspInit                          0x0800121d   Thumb Code    86  spi.o(i.HAL_SPI_MspInit)
    HAL_SPI_Transmit                         0x0800127d   Thumb Code   352  stm32g0xx_hal_spi.o(i.HAL_SPI_Transmit)
    HAL_SPI_TransmitReceive                  0x080013dd   Thumb Code   504  stm32g0xx_hal_spi.o(i.HAL_SPI_TransmitReceive)
    HAL_SYSTICK_Config                       0x080015d5   Thumb Code    38  stm32g0xx_hal_cortex.o(i.HAL_SYSTICK_Config)
    HAL_TIMEx_Break2Callback                 0x08001605   Thumb Code     2  stm32g0xx_hal_tim_ex.o(i.HAL_TIMEx_Break2Callback)
    HAL_TIMEx_BreakCallback                  0x08001607   Thumb Code     2  stm32g0xx_hal_tim_ex.o(i.HAL_TIMEx_BreakCallback)
    HAL_TIMEx_CommutCallback                 0x08001609   Thumb Code     2  stm32g0xx_hal_tim_ex.o(i.HAL_TIMEx_CommutCallback)
    HAL_TIMEx_ConfigBreakDeadTime            0x0800160d   Thumb Code   164  stm32g0xx_hal_tim_ex.o(i.HAL_TIMEx_ConfigBreakDeadTime)
    HAL_TIMEx_MasterConfigSynchronization    0x080016b5   Thumb Code    90  stm32g0xx_hal_tim_ex.o(i.HAL_TIMEx_MasterConfigSynchronization)
    HAL_TIM_Base_Init                        0x08001719   Thumb Code    76  stm32g0xx_hal_tim.o(i.HAL_TIM_Base_Init)
    HAL_TIM_Base_MspInit                     0x08001765   Thumb Code    70  tim.o(i.HAL_TIM_Base_MspInit)
    HAL_TIM_Base_Start                       0x080017b9   Thumb Code    60  stm32g0xx_hal_tim.o(i.HAL_TIM_Base_Start)
    HAL_TIM_Base_Start_IT                    0x08001801   Thumb Code    68  stm32g0xx_hal_tim.o(i.HAL_TIM_Base_Start_IT)
    HAL_TIM_ConfigClockSource                0x08001851   Thumb Code   220  stm32g0xx_hal_tim.o(i.HAL_TIM_ConfigClockSource)
    HAL_TIM_IC_CaptureCallback               0x08001931   Thumb Code     2  stm32g0xx_hal_tim.o(i.HAL_TIM_IC_CaptureCallback)
    HAL_TIM_IRQHandler                       0x08001935   Thumb Code   318  stm32g0xx_hal_tim.o(i.HAL_TIM_IRQHandler)
    HAL_TIM_MspPostInit                      0x08001a7d   Thumb Code    70  tim.o(i.HAL_TIM_MspPostInit)
    HAL_TIM_OC_DelayElapsedCallback          0x08001acd   Thumb Code     2  stm32g0xx_hal_tim.o(i.HAL_TIM_OC_DelayElapsedCallback)
    HAL_TIM_PWM_ConfigChannel                0x08001acf   Thumb Code   296  stm32g0xx_hal_tim.o(i.HAL_TIM_PWM_ConfigChannel)
    HAL_TIM_PWM_Init                         0x08001bf7   Thumb Code    76  stm32g0xx_hal_tim.o(i.HAL_TIM_PWM_Init)
    HAL_TIM_PWM_MspInit                      0x08001c43   Thumb Code     2  stm32g0xx_hal_tim.o(i.HAL_TIM_PWM_MspInit)
    HAL_TIM_PWM_PulseFinishedCallback        0x08001c45   Thumb Code     2  stm32g0xx_hal_tim.o(i.HAL_TIM_PWM_PulseFinishedCallback)
    HAL_TIM_PWM_Start                        0x08001c49   Thumb Code   172  stm32g0xx_hal_tim.o(i.HAL_TIM_PWM_Start)
    HAL_TIM_PeriodElapsedCallback            0x08001d09   Thumb Code    46  system.o(i.HAL_TIM_PeriodElapsedCallback)
    HAL_TIM_TriggerCallback                  0x08001d41   Thumb Code     2  stm32g0xx_hal_tim.o(i.HAL_TIM_TriggerCallback)
    HAL_UARTEx_DisableFifoMode               0x08001d43   Thumb Code    60  stm32g0xx_hal_uart_ex.o(i.HAL_UARTEx_DisableFifoMode)
    HAL_UARTEx_RxEventCallback               0x08001d7f   Thumb Code     2  stm32g0xx_hal_uart.o(i.HAL_UARTEx_RxEventCallback)
    HAL_UARTEx_RxFifoFullCallback            0x08001d81   Thumb Code     2  stm32g0xx_hal_uart_ex.o(i.HAL_UARTEx_RxFifoFullCallback)
    HAL_UARTEx_SetRxFifoThreshold            0x08001d83   Thumb Code    72  stm32g0xx_hal_uart_ex.o(i.HAL_UARTEx_SetRxFifoThreshold)
    HAL_UARTEx_SetTxFifoThreshold            0x08001dcb   Thumb Code    70  stm32g0xx_hal_uart_ex.o(i.HAL_UARTEx_SetTxFifoThreshold)
    HAL_UARTEx_TxFifoEmptyCallback           0x08001e11   Thumb Code     2  stm32g0xx_hal_uart_ex.o(i.HAL_UARTEx_TxFifoEmptyCallback)
    HAL_UARTEx_WakeupCallback                0x08001e13   Thumb Code     2  stm32g0xx_hal_uart_ex.o(i.HAL_UARTEx_WakeupCallback)
    HAL_UART_ErrorCallback                   0x08001e15   Thumb Code     2  stm32g0xx_hal_uart.o(i.HAL_UART_ErrorCallback)
    HAL_UART_IRQHandler                      0x08001e19   Thumb Code   734  stm32g0xx_hal_uart.o(i.HAL_UART_IRQHandler)
    HAL_UART_Init                            0x08002109   Thumb Code   108  stm32g0xx_hal_uart.o(i.HAL_UART_Init)
    HAL_UART_MspInit                         0x08002175   Thumb Code   226  usart.o(i.HAL_UART_MspInit)
    HAL_UART_Receive_DMA                     0x0800226d   Thumb Code    88  stm32g0xx_hal_uart.o(i.HAL_UART_Receive_DMA)
    HAL_UART_RxCpltCallback                  0x080022c5   Thumb Code    32  serial.o(i.HAL_UART_RxCpltCallback)
    HAL_UART_RxHalfCpltCallback              0x080022ed   Thumb Code     2  stm32g0xx_hal_uart.o(i.HAL_UART_RxHalfCpltCallback)
    HAL_UART_Transmit_DMA                    0x080022f1   Thumb Code   158  stm32g0xx_hal_uart.o(i.HAL_UART_Transmit_DMA)
    HAL_UART_TxCpltCallback                  0x0800239d   Thumb Code    14  serial.o(i.HAL_UART_TxCpltCallback)
    HAL_UART_TxHalfCpltCallback              0x080023b5   Thumb Code     2  stm32g0xx_hal_uart.o(i.HAL_UART_TxHalfCpltCallback)
    HardFault_Handler                        0x080023b7   Thumb Code     2  stm32g0xx_it.o(i.HardFault_Handler)
    MX_DMA_Init                              0x080023b9   Thumb Code    52  dma.o(i.MX_DMA_Init)
    MX_GPIO_Init                             0x080023f1   Thumb Code   144  gpio.o(i.MX_GPIO_Init)
    MX_SPI1_Init                             0x08002489   Thumb Code    68  spi.o(i.MX_SPI1_Init)
    MX_TIM1_Init                             0x080024d5   Thumb Code   242  tim.o(i.MX_TIM1_Init)
    MX_TIM3_Init                             0x080025d1   Thumb Code   100  tim.o(i.MX_TIM3_Init)
    MX_USART1_UART_Init                      0x08002641   Thumb Code    96  usart.o(i.MX_USART1_UART_Init)
    NMI_Handler                              0x080026a9   Thumb Code     2  stm32g0xx_it.o(i.NMI_Handler)
    PendSV_Handler                           0x080026ab   Thumb Code     2  stm32g0xx_it.o(i.PendSV_Handler)
    SVC_Handler                              0x08002889   Thumb Code     2  stm32g0xx_it.o(i.SVC_Handler)
    SysTick_Handler                          0x0800288b   Thumb Code     8  stm32g0xx_it.o(i.SysTick_Handler)
    SystemClock_Config                       0x08002893   Thumb Code   104  main.o(i.SystemClock_Config)
    SystemInit                               0x080028fb   Thumb Code     2  system_stm32g0xx.o(i.SystemInit)
    TIM3_IRQHandler                          0x080028fd   Thumb Code    10  stm32g0xx_it.o(i.TIM3_IRQHandler)
    TIM_Base_SetConfig                       0x0800290d   Thumb Code   114  stm32g0xx_hal_tim.o(i.TIM_Base_SetConfig)
    TIM_CCxChannelCmd                        0x08002995   Thumb Code    26  stm32g0xx_hal_tim.o(i.TIM_CCxChannelCmd)
    TIM_ETR_SetConfig                        0x080029af   Thumb Code    22  stm32g0xx_hal_tim.o(i.TIM_ETR_SetConfig)
    TIM_OC2_SetConfig                        0x08002a55   Thumb Code   106  stm32g0xx_hal_tim.o(i.TIM_OC2_SetConfig)
    UART_AdvFeatureConfig                    0x08002d01   Thumb Code   202  stm32g0xx_hal_uart.o(i.UART_AdvFeatureConfig)
    UART_CheckIdleState                      0x08002dcd   Thumb Code   180  stm32g0xx_hal_uart.o(i.UART_CheckIdleState)
    UART_SetConfig                           0x08003099   Thumb Code   326  stm32g0xx_hal_uart.o(i.UART_SetConfig)
    UART_Start_Receive_DMA                   0x08003201   Thumb Code   160  stm32g0xx_hal_uart.o(i.UART_Start_Receive_DMA)
    UART_WaitOnFlagUntilTimeout              0x080032ad   Thumb Code   144  stm32g0xx_hal_uart.o(i.UART_WaitOnFlagUntilTimeout)
    USART1_IRQHandler                        0x0800333d   Thumb Code    10  stm32g0xx_it.o(i.USART1_IRQHandler)
    clear_uart_rx_buffer                     0x08003391   Thumb Code    22  serial.o(i.clear_uart_rx_buffer)
    get_rf_state                             0x080033b1   Thumb Code    22  system.o(i.get_rf_state)
    handle_led_state                         0x080033cd   Thumb Code   166  system.o(i.handle_led_state)
    handle_rf_config                         0x0800347d   Thumb Code   232  serial.o(i.handle_rf_config)
    handle_serial_rx                         0x08003565   Thumb Code   262  serial.o(i.handle_serial_rx)
    ir_marker_init                           0x08003675   Thumb Code    42  system.o(i.ir_marker_init)
    ir_marker_set_intensity                  0x080036a5   Thumb Code    28  system.o(i.ir_marker_set_intensity)
    main                                     0x080036c9   Thumb Code    42  main.o(i.main)
    radio_init                               0x080036f5   Thumb Code   152  system.o(i.radio_init)
    serial_init                              0x08003795   Thumb Code    14  serial.o(i.serial_init)
    set_rf_state                             0x080037ad   Thumb Code    18  system.o(i.set_rf_state)
    si24r1_check                             0x080037c5   Thumb Code   104  si24r1.o(i.si24r1_check)
    si24r1_clear_irq_flag                    0x08003835   Thumb Code    98  si24r1.o(i.si24r1_clear_irq_flag)
    si24r1_fast_check                        0x08003897   Thumb Code    32  si24r1.o(i.si24r1_fast_check)
    si24r1_fast_clear                        0x080038b7   Thumb Code    26  si24r1.o(i.si24r1_fast_clear)
    si24r1_fast_rx                           0x080038d1   Thumb Code    64  si24r1.o(i.si24r1_fast_rx)
    si24r1_fast_tx                           0x08003911   Thumb Code    86  si24r1.o(i.si24r1_fast_tx)
    si24r1_init                              0x0800396d   Thumb Code   202  si24r1.o(i.si24r1_init)
    si24r1_read_status_reg                   0x08003a41   Thumb Code    74  si24r1.o(i.si24r1_read_status_reg)
    si24r1_set_channel                       0x08003a8b   Thumb Code    16  si24r1.o(i.si24r1_set_channel)
    si24r1_set_mode                          0x08003a9b   Thumb Code    48  si24r1.o(i.si24r1_set_mode)
    si24r1_set_power                         0x08003acb   Thumb Code    36  si24r1.o(i.si24r1_set_power)
    si24r1_set_rx_addr                       0x08003aef   Thumb Code    26  si24r1.o(i.si24r1_set_rx_addr)
    si24r1_set_speed                         0x08003b09   Thumb Code    56  si24r1.o(i.si24r1_set_speed)
    si24r1_set_tx_addr                       0x08003b41   Thumb Code    22  si24r1.o(i.si24r1_set_tx_addr)
    spi_read_buf                             0x08003b57   Thumb Code    96  si24r1.o(i.spi_read_buf)
    spi_read_reg                             0x08003bb7   Thumb Code    82  si24r1.o(i.spi_read_reg)
    spi_read_write_byte                      0x08003c09   Thumb Code    32  si24r1.o(i.spi_read_write_byte)
    spi_write_buf                            0x08003c2d   Thumb Code    98  si24r1.o(i.spi_write_buf)
    spi_write_reg                            0x08003c8f   Thumb Code    82  si24r1.o(i.spi_write_reg)
    system_init                              0x08003ce1   Thumb Code    50  system.o(i.system_init)
    system_loop                              0x08003d21   Thumb Code   282  system.o(i.system_loop)
    uart_tx_dma                              0x08003e45   Thumb Code    48  serial.o(i.uart_tx_dma)
    write_tx_buffer                          0x08003e81   Thumb Code    76  system.o(i.write_tx_buffer)
    UARTPrescTable                           0x08003ed4   Data          24  stm32g0xx_hal_uart.o(.constdata)
    AHBPrescTable                            0x08003efc   Data          64  system_stm32g0xx.o(.constdata)
    APBPrescTable                            0x08003f3c   Data          32  system_stm32g0xx.o(.constdata)
    Region$$Table$$Base                      0x08003f5c   Number         0  anon$$obj.o(Region$$Table)
    Region$$Table$$Limit                     0x08003f7c   Number         0  anon$$obj.o(Region$$Table)
    uwTickFreq                               0x20000000   Data           1  stm32g0xx_hal.o(.data)
    uwTickPrio                               0x20000004   Data           4  stm32g0xx_hal.o(.data)
    uwTick                                   0x20000008   Data           4  stm32g0xx_hal.o(.data)
    SystemCoreClock                          0x2000000c   Data           4  system_stm32g0xx.o(.data)
    uart_dma_buf                             0x20000028   Data           1  serial.o(.data)
    hspi1                                    0x2000002c   Data         100  spi.o(.bss)
    htim1                                    0x20000090   Data          76  tim.o(.bss)
    htim3                                    0x200000dc   Data          76  tim.o(.bss)
    huart1                                   0x20000128   Data         148  usart.o(.bss)
    hdma_usart1_rx                           0x200001bc   Data          92  usart.o(.bss)
    hdma_usart1_tx                           0x20000218   Data          92  usart.o(.bss)
    __libspace_start                         0x20000334   Data          96  libspace.o(.bss)
    __temporary_stack_top$libspace           0x20000394   Data           0  libspace.o(.bss)



==============================================================================

Memory Map of the image

  Image Entry point : 0x080000c1

  Load Region LR_IROM1 (Base: 0x08000000, Size: 0x00003fa8, Max: 0x00008000, ABSOLUTE)

    Execution Region ER_IROM1 (Exec base: 0x08000000, Load base: 0x08000000, Size: 0x00003f7c, Max: 0x00008000, ABSOLUTE)

    Exec Addr    Load Addr    Size         Type   Attr      Idx    E Section Name        Object

    0x08000000   0x08000000   0x000000c0   Data   RO            3    RESET               startup_stm32g030xx.o
    0x080000c0   0x080000c0   0x00000008   Code   RO         3889  * !!!main             c_p.l(__main.o)
    0x080000c8   0x080000c8   0x0000003c   Code   RO         4060    !!!scatter          c_p.l(__scatter.o)
    0x08000104   0x08000104   0x0000001a   Code   RO         4062    !!handler_copy      c_p.l(__scatter_copy.o)
    0x0800011e   0x0800011e   0x00000002   PAD
    0x08000120   0x08000120   0x0000001c   Code   RO         4064    !!handler_zi        c_p.l(__scatter_zi.o)
    0x0800013c   0x0800013c   0x00000002   Code   RO         3927    .ARM.Collect$$libinit$$00000000  c_p.l(libinit.o)
    0x0800013e   0x0800013e   0x00000000   Code   RO         3941    .ARM.Collect$$libinit$$00000002  c_p.l(libinit2.o)
    0x0800013e   0x0800013e   0x00000000   Code   RO         3943    .ARM.Collect$$libinit$$00000004  c_p.l(libinit2.o)
    0x0800013e   0x0800013e   0x00000000   Code   RO         3946    .ARM.Collect$$libinit$$0000000A  c_p.l(libinit2.o)
    0x0800013e   0x0800013e   0x00000000   Code   RO         3948    .ARM.Collect$$libinit$$0000000C  c_p.l(libinit2.o)
    0x0800013e   0x0800013e   0x00000000   Code   RO         3950    .ARM.Collect$$libinit$$0000000E  c_p.l(libinit2.o)
    0x0800013e   0x0800013e   0x00000000   Code   RO         3953    .ARM.Collect$$libinit$$00000011  c_p.l(libinit2.o)
    0x0800013e   0x0800013e   0x00000000   Code   RO         3955    .ARM.Collect$$libinit$$00000013  c_p.l(libinit2.o)
    0x0800013e   0x0800013e   0x00000000   Code   RO         3957    .ARM.Collect$$libinit$$00000015  c_p.l(libinit2.o)
    0x0800013e   0x0800013e   0x00000000   Code   RO         3959    .ARM.Collect$$libinit$$00000017  c_p.l(libinit2.o)
    0x0800013e   0x0800013e   0x00000000   Code   RO         3961    .ARM.Collect$$libinit$$00000019  c_p.l(libinit2.o)
    0x0800013e   0x0800013e   0x00000000   Code   RO         3963    .ARM.Collect$$libinit$$0000001B  c_p.l(libinit2.o)
    0x0800013e   0x0800013e   0x00000000   Code   RO         3965    .ARM.Collect$$libinit$$0000001D  c_p.l(libinit2.o)
    0x0800013e   0x0800013e   0x00000000   Code   RO         3967    .ARM.Collect$$libinit$$0000001F  c_p.l(libinit2.o)
    0x0800013e   0x0800013e   0x00000000   Code   RO         3969    .ARM.Collect$$libinit$$00000021  c_p.l(libinit2.o)
    0x0800013e   0x0800013e   0x00000000   Code   RO         3971    .ARM.Collect$$libinit$$00000023  c_p.l(libinit2.o)
    0x0800013e   0x0800013e   0x00000000   Code   RO         3973    .ARM.Collect$$libinit$$00000025  c_p.l(libinit2.o)
    0x0800013e   0x0800013e   0x00000000   Code   RO         3977    .ARM.Collect$$libinit$$0000002C  c_p.l(libinit2.o)
    0x0800013e   0x0800013e   0x00000000   Code   RO         3979    .ARM.Collect$$libinit$$0000002E  c_p.l(libinit2.o)
    0x0800013e   0x0800013e   0x00000000   Code   RO         3981    .ARM.Collect$$libinit$$00000030  c_p.l(libinit2.o)
    0x0800013e   0x0800013e   0x00000000   Code   RO         3983    .ARM.Collect$$libinit$$00000032  c_p.l(libinit2.o)
    0x0800013e   0x0800013e   0x00000002   Code   RO         3984    .ARM.Collect$$libinit$$00000033  c_p.l(libinit2.o)
    0x08000140   0x08000140   0x00000002   Code   RO         4015    .ARM.Collect$$libshutdown$$00000000  c_p.l(libshutdown.o)
    0x08000142   0x08000142   0x00000000   Code   RO         4041    .ARM.Collect$$libshutdown$$00000002  c_p.l(libshutdown2.o)
    0x08000142   0x08000142   0x00000000   Code   RO         4043    .ARM.Collect$$libshutdown$$00000004  c_p.l(libshutdown2.o)
    0x08000142   0x08000142   0x00000000   Code   RO         4045    .ARM.Collect$$libshutdown$$00000006  c_p.l(libshutdown2.o)
    0x08000142   0x08000142   0x00000000   Code   RO         4048    .ARM.Collect$$libshutdown$$00000009  c_p.l(libshutdown2.o)
    0x08000142   0x08000142   0x00000000   Code   RO         4051    .ARM.Collect$$libshutdown$$0000000C  c_p.l(libshutdown2.o)
    0x08000142   0x08000142   0x00000000   Code   RO         4053    .ARM.Collect$$libshutdown$$0000000E  c_p.l(libshutdown2.o)
    0x08000142   0x08000142   0x00000000   Code   RO         4056    .ARM.Collect$$libshutdown$$00000011  c_p.l(libshutdown2.o)
    0x08000142   0x08000142   0x00000002   Code   RO         4057    .ARM.Collect$$libshutdown$$00000012  c_p.l(libshutdown2.o)
    0x08000144   0x08000144   0x00000000   Code   RO         3891    .ARM.Collect$$rtentry$$00000000  c_p.l(__rtentry.o)
    0x08000144   0x08000144   0x00000000   Code   RO         3897    .ARM.Collect$$rtentry$$00000002  c_p.l(__rtentry2.o)
    0x08000144   0x08000144   0x00000006   Code   RO         3909    .ARM.Collect$$rtentry$$00000004  c_p.l(__rtentry4.o)
    0x0800014a   0x0800014a   0x00000000   Code   RO         3899    .ARM.Collect$$rtentry$$00000009  c_p.l(__rtentry2.o)
    0x0800014a   0x0800014a   0x00000004   Code   RO         3900    .ARM.Collect$$rtentry$$0000000A  c_p.l(__rtentry2.o)
    0x0800014e   0x0800014e   0x00000000   Code   RO         3902    .ARM.Collect$$rtentry$$0000000C  c_p.l(__rtentry2.o)
    0x0800014e   0x0800014e   0x00000008   Code   RO         3903    .ARM.Collect$$rtentry$$0000000D  c_p.l(__rtentry2.o)
    0x08000156   0x08000156   0x00000002   Code   RO         3932    .ARM.Collect$$rtexit$$00000000  c_p.l(rtexit.o)
    0x08000158   0x08000158   0x00000000   Code   RO         3988    .ARM.Collect$$rtexit$$00000002  c_p.l(rtexit2.o)
    0x08000158   0x08000158   0x00000004   Code   RO         3989    .ARM.Collect$$rtexit$$00000003  c_p.l(rtexit2.o)
    0x0800015c   0x0800015c   0x00000006   Code   RO         3990    .ARM.Collect$$rtexit$$00000004  c_p.l(rtexit2.o)
    0x08000162   0x08000162   0x00000002   PAD
    0x08000164   0x08000164   0x00000038   Code   RO            4    .text               startup_stm32g030xx.o
    0x0800019c   0x0800019c   0x00000040   Code   RO         3881    .text               c_p.l(rt_memclr.o)
    0x080001dc   0x080001dc   0x0000015a   Code   RO         3883    .text               c_p.l(aeabi_sdiv.o)
    0x08000336   0x08000336   0x00000006   Code   RO         3887    .text               c_p.l(heapauxi.o)
    0x0800033c   0x0800033c   0x0000003e   Code   RO         3913    .text               c_p.l(sys_stackheap_outer.o)
    0x0800037a   0x0800037a   0x00000010   Code   RO         3916    .text               c_p.l(exit.o)
    0x0800038a   0x0800038a   0x00000002   PAD
    0x0800038c   0x0800038c   0x00000008   Code   RO         3928    .text               c_p.l(libspace.o)
    0x08000394   0x08000394   0x0000000c   Code   RO         3985    .text               c_p.l(sys_exit.o)
    0x080003a0   0x080003a0   0x00000002   Code   RO         4004    .text               c_p.l(use_no_semi.o)
    0x080003a2   0x080003a2   0x00000000   Code   RO         4006    .text               c_p.l(indicate_semi.o)
    0x080003a2   0x080003a2   0x00000002   PAD
    0x080003a4   0x080003a4   0x00000010   Code   RO          350    i.DMA1_Channel1_IRQHandler  stm32g0xx_it.o
    0x080003b4   0x080003b4   0x00000010   Code   RO          351    i.DMA1_Channel2_3_IRQHandler  stm32g0xx_it.o
    0x080003c4   0x080003c4   0x00000030   Code   RO         1200    i.DMA_CalcDMAMUXChannelBaseAndMask  stm32g0xx_hal_dma.o
    0x080003f4   0x080003f4   0x00000028   Code   RO         1201    i.DMA_CalcDMAMUXRequestGenBaseAndMask  stm32g0xx_hal_dma.o
    0x0800041c   0x0800041c   0x00000048   Code   RO         1202    i.DMA_SetConfig     stm32g0xx_hal_dma.o
    0x08000464   0x08000464   0x00000004   Code   RO           12    i.Error_Handler     main.o
    0x08000468   0x08000468   0x00000074   Code   RO         1203    i.HAL_DMA_Abort     stm32g0xx_hal_dma.o
    0x080004dc   0x080004dc   0x0000007c   Code   RO         1204    i.HAL_DMA_Abort_IT  stm32g0xx_hal_dma.o
    0x08000558   0x08000558   0x000000b8   Code   RO         1208    i.HAL_DMA_IRQHandler  stm32g0xx_hal_dma.o
    0x08000610   0x08000610   0x000000a4   Code   RO         1209    i.HAL_DMA_Init      stm32g0xx_hal_dma.o
    0x080006b4   0x080006b4   0x0000008c   Code   RO         1213    i.HAL_DMA_Start_IT  stm32g0xx_hal_dma.o
    0x08000740   0x08000740   0x00000024   Code   RO         1675    i.HAL_Delay         stm32g0xx_hal.o
    0x08000764   0x08000764   0x0000015c   Code   RO         1136    i.HAL_GPIO_Init     stm32g0xx_hal_gpio.o
    0x080008c0   0x080008c0   0x0000000a   Code   RO         1138    i.HAL_GPIO_ReadPin  stm32g0xx_hal_gpio.o
    0x080008ca   0x080008ca   0x0000000c   Code   RO         1140    i.HAL_GPIO_WritePin  stm32g0xx_hal_gpio.o
    0x080008d6   0x080008d6   0x00000002   PAD
    0x080008d8   0x080008d8   0x0000000c   Code   RO         1679    i.HAL_GetTick       stm32g0xx_hal.o
    0x080008e4   0x080008e4   0x00000010   Code   RO         1685    i.HAL_IncTick       stm32g0xx_hal.o
    0x080008f4   0x080008f4   0x00000028   Code   RO         1686    i.HAL_Init          stm32g0xx_hal.o
    0x0800091c   0x0800091c   0x00000048   Code   RO         1687    i.HAL_InitTick      stm32g0xx_hal.o
    0x08000964   0x08000964   0x0000002c   Code   RO          422    i.HAL_MspInit       stm32g0xx_hal_msp.o
    0x08000990   0x08000990   0x00000018   Code   RO         1553    i.HAL_NVIC_EnableIRQ  stm32g0xx_hal_cortex.o
    0x080009a8   0x080009a8   0x00000008   Code   RO         1557    i.HAL_NVIC_SetPriority  stm32g0xx_hal_cortex.o
    0x080009b0   0x080009b0   0x0000004c   Code   RO         1436    i.HAL_PWREx_ControlVoltageScaling  stm32g0xx_hal_pwr_ex.o
    0x080009fc   0x080009fc   0x0000014c   Code   RO          902    i.HAL_RCCEx_PeriphCLKConfig  stm32g0xx_hal_rcc_ex.o
    0x08000b48   0x08000b48   0x00000158   Code   RO          786    i.HAL_RCC_ClockConfig  stm32g0xx_hal_rcc.o
    0x08000ca0   0x08000ca0   0x00000028   Code   RO          794    i.HAL_RCC_GetPCLK1Freq  stm32g0xx_hal_rcc.o
    0x08000cc8   0x08000cc8   0x0000008c   Code   RO          796    i.HAL_RCC_GetSysClockFreq  stm32g0xx_hal_rcc.o
    0x08000d54   0x08000d54   0x000003d8   Code   RO          800    i.HAL_RCC_OscConfig  stm32g0xx_hal_rcc.o
    0x0800112c   0x0800112c   0x000000ee   Code   RO          453    i.HAL_SPI_Init      stm32g0xx_hal_spi.o
    0x0800121a   0x0800121a   0x00000002   PAD
    0x0800121c   0x0800121c   0x00000060   Code   RO          225    i.HAL_SPI_MspInit   spi.o
    0x0800127c   0x0800127c   0x00000160   Code   RO          461    i.HAL_SPI_Transmit  stm32g0xx_hal_spi.o
    0x080013dc   0x080013dc   0x000001f8   Code   RO          462    i.HAL_SPI_TransmitReceive  stm32g0xx_hal_spi.o
    0x080015d4   0x080015d4   0x00000030   Code   RO         1561    i.HAL_SYSTICK_Config  stm32g0xx_hal_cortex.o
    0x08001604   0x08001604   0x00000002   Code   RO         2644    i.HAL_TIMEx_Break2Callback  stm32g0xx_hal_tim_ex.o
    0x08001606   0x08001606   0x00000002   Code   RO         2645    i.HAL_TIMEx_BreakCallback  stm32g0xx_hal_tim_ex.o
    0x08001608   0x08001608   0x00000002   Code   RO         2646    i.HAL_TIMEx_CommutCallback  stm32g0xx_hal_tim_ex.o
    0x0800160a   0x0800160a   0x00000002   PAD
    0x0800160c   0x0800160c   0x000000a8   Code   RO         2648    i.HAL_TIMEx_ConfigBreakDeadTime  stm32g0xx_hal_tim_ex.o
    0x080016b4   0x080016b4   0x00000064   Code   RO         2667    i.HAL_TIMEx_MasterConfigSynchronization  stm32g0xx_hal_tim_ex.o
    0x08001718   0x08001718   0x0000004c   Code   RO         1934    i.HAL_TIM_Base_Init  stm32g0xx_hal_tim.o
    0x08001764   0x08001764   0x00000054   Code   RO          263    i.HAL_TIM_Base_MspInit  tim.o
    0x080017b8   0x080017b8   0x00000048   Code   RO         1937    i.HAL_TIM_Base_Start  stm32g0xx_hal_tim.o
    0x08001800   0x08001800   0x00000050   Code   RO         1939    i.HAL_TIM_Base_Start_IT  stm32g0xx_hal_tim.o
    0x08001850   0x08001850   0x000000e0   Code   RO         1943    i.HAL_TIM_ConfigClockSource  stm32g0xx_hal_tim.o
    0x08001930   0x08001930   0x00000002   Code   RO         1968    i.HAL_TIM_IC_CaptureCallback  stm32g0xx_hal_tim.o
    0x08001932   0x08001932   0x00000002   PAD
    0x08001934   0x08001934   0x00000148   Code   RO         1982    i.HAL_TIM_IRQHandler  stm32g0xx_hal_tim.o
    0x08001a7c   0x08001a7c   0x00000050   Code   RO          264    i.HAL_TIM_MspPostInit  tim.o
    0x08001acc   0x08001acc   0x00000002   Code   RO         1985    i.HAL_TIM_OC_DelayElapsedCallback  stm32g0xx_hal_tim.o
    0x08001ace   0x08001ace   0x00000128   Code   RO         2006    i.HAL_TIM_PWM_ConfigChannel  stm32g0xx_hal_tim.o
    0x08001bf6   0x08001bf6   0x0000004c   Code   RO         2009    i.HAL_TIM_PWM_Init  stm32g0xx_hal_tim.o
    0x08001c42   0x08001c42   0x00000002   Code   RO         2011    i.HAL_TIM_PWM_MspInit  stm32g0xx_hal_tim.o
    0x08001c44   0x08001c44   0x00000002   Code   RO         2012    i.HAL_TIM_PWM_PulseFinishedCallback  stm32g0xx_hal_tim.o
    0x08001c46   0x08001c46   0x00000002   PAD
    0x08001c48   0x08001c48   0x000000c0   Code   RO         2014    i.HAL_TIM_PWM_Start  stm32g0xx_hal_tim.o
    0x08001d08   0x08001d08   0x00000038   Code   RO         3507    i.HAL_TIM_PeriodElapsedCallback  system.o
    0x08001d40   0x08001d40   0x00000002   Code   RO         2025    i.HAL_TIM_TriggerCallback  stm32g0xx_hal_tim.o
    0x08001d42   0x08001d42   0x0000003c   Code   RO         3359    i.HAL_UARTEx_DisableFifoMode  stm32g0xx_hal_uart_ex.o
    0x08001d7e   0x08001d7e   0x00000002   Code   RO         2952    i.HAL_UARTEx_RxEventCallback  stm32g0xx_hal_uart.o
    0x08001d80   0x08001d80   0x00000002   Code   RO         3367    i.HAL_UARTEx_RxFifoFullCallback  stm32g0xx_hal_uart_ex.o
    0x08001d82   0x08001d82   0x00000048   Code   RO         3368    i.HAL_UARTEx_SetRxFifoThreshold  stm32g0xx_hal_uart_ex.o
    0x08001dca   0x08001dca   0x00000046   Code   RO         3369    i.HAL_UARTEx_SetTxFifoThreshold  stm32g0xx_hal_uart_ex.o
    0x08001e10   0x08001e10   0x00000002   Code   RO         3371    i.HAL_UARTEx_TxFifoEmptyCallback  stm32g0xx_hal_uart_ex.o
    0x08001e12   0x08001e12   0x00000002   Code   RO         3372    i.HAL_UARTEx_WakeupCallback  stm32g0xx_hal_uart_ex.o
    0x08001e14   0x08001e14   0x00000002   Code   RO         2968    i.HAL_UART_ErrorCallback  stm32g0xx_hal_uart.o
    0x08001e16   0x08001e16   0x00000002   PAD
    0x08001e18   0x08001e18   0x000002f0   Code   RO         2971    i.HAL_UART_IRQHandler  stm32g0xx_hal_uart.o
    0x08002108   0x08002108   0x0000006c   Code   RO         2972    i.HAL_UART_Init     stm32g0xx_hal_uart.o
    0x08002174   0x08002174   0x000000f8   Code   RO          313    i.HAL_UART_MspInit  usart.o
    0x0800226c   0x0800226c   0x00000058   Code   RO         2976    i.HAL_UART_Receive_DMA  stm32g0xx_hal_uart.o
    0x080022c4   0x080022c4   0x00000028   Code   RO         3600    i.HAL_UART_RxCpltCallback  serial.o
    0x080022ec   0x080022ec   0x00000002   Code   RO         2980    i.HAL_UART_RxHalfCpltCallback  stm32g0xx_hal_uart.o
    0x080022ee   0x080022ee   0x00000002   PAD
    0x080022f0   0x080022f0   0x000000ac   Code   RO         2982    i.HAL_UART_Transmit_DMA  stm32g0xx_hal_uart.o
    0x0800239c   0x0800239c   0x00000018   Code   RO         3601    i.HAL_UART_TxCpltCallback  serial.o
    0x080023b4   0x080023b4   0x00000002   Code   RO         2985    i.HAL_UART_TxHalfCpltCallback  stm32g0xx_hal_uart.o
    0x080023b6   0x080023b6   0x00000002   Code   RO          352    i.HardFault_Handler  stm32g0xx_it.o
    0x080023b8   0x080023b8   0x00000038   Code   RO          204    i.MX_DMA_Init       dma.o
    0x080023f0   0x080023f0   0x00000098   Code   RO          184    i.MX_GPIO_Init      gpio.o
    0x08002488   0x08002488   0x0000004c   Code   RO          226    i.MX_SPI1_Init      spi.o
    0x080024d4   0x080024d4   0x000000fc   Code   RO          265    i.MX_TIM1_Init      tim.o
    0x080025d0   0x080025d0   0x00000070   Code   RO          266    i.MX_TIM3_Init      tim.o
    0x08002640   0x08002640   0x00000068   Code   RO          314    i.MX_USART1_UART_Init  usart.o
    0x080026a8   0x080026a8   0x00000002   Code   RO          353    i.NMI_Handler       stm32g0xx_it.o
    0x080026aa   0x080026aa   0x00000002   Code   RO          354    i.PendSV_Handler    stm32g0xx_it.o
    0x080026ac   0x080026ac   0x0000004c   Code   RO          491    i.SPI_EndRxTxTransaction  stm32g0xx_hal_spi.o
    0x080026f8   0x080026f8   0x000000d8   Code   RO          496    i.SPI_WaitFifoStateUntilTimeout  stm32g0xx_hal_spi.o
    0x080027d0   0x080027d0   0x000000b8   Code   RO          497    i.SPI_WaitFlagStateUntilTimeout  stm32g0xx_hal_spi.o
    0x08002888   0x08002888   0x00000002   Code   RO          355    i.SVC_Handler       stm32g0xx_it.o
    0x0800288a   0x0800288a   0x00000008   Code   RO          356    i.SysTick_Handler   stm32g0xx_it.o
    0x08002892   0x08002892   0x00000068   Code   RO           13    i.SystemClock_Config  main.o
    0x080028fa   0x080028fa   0x00000002   Code   RO         3474    i.SystemInit        system_stm32g0xx.o
    0x080028fc   0x080028fc   0x00000010   Code   RO          357    i.TIM3_IRQHandler   stm32g0xx_it.o
    0x0800290c   0x0800290c   0x00000088   Code   RO         2027    i.TIM_Base_SetConfig  stm32g0xx_hal_tim.o
    0x08002994   0x08002994   0x0000001a   Code   RO         2028    i.TIM_CCxChannelCmd  stm32g0xx_hal_tim.o
    0x080029ae   0x080029ae   0x00000016   Code   RO         2038    i.TIM_ETR_SetConfig  stm32g0xx_hal_tim.o
    0x080029c4   0x080029c4   0x00000014   Code   RO         2039    i.TIM_ITRx_SetConfig  stm32g0xx_hal_tim.o
    0x080029d8   0x080029d8   0x0000007c   Code   RO         2040    i.TIM_OC1_SetConfig  stm32g0xx_hal_tim.o
    0x08002a54   0x08002a54   0x0000007c   Code   RO         2041    i.TIM_OC2_SetConfig  stm32g0xx_hal_tim.o
    0x08002ad0   0x08002ad0   0x0000007c   Code   RO         2042    i.TIM_OC3_SetConfig  stm32g0xx_hal_tim.o
    0x08002b4c   0x08002b4c   0x00000068   Code   RO         2043    i.TIM_OC4_SetConfig  stm32g0xx_hal_tim.o
    0x08002bb4   0x08002bb4   0x0000005c   Code   RO         2044    i.TIM_OC5_SetConfig  stm32g0xx_hal_tim.o
    0x08002c10   0x08002c10   0x00000064   Code   RO         2045    i.TIM_OC6_SetConfig  stm32g0xx_hal_tim.o
    0x08002c74   0x08002c74   0x00000022   Code   RO         2047    i.TIM_TI1_ConfigInputStage  stm32g0xx_hal_tim.o
    0x08002c96   0x08002c96   0x00000026   Code   RO         2049    i.TIM_TI2_ConfigInputStage  stm32g0xx_hal_tim.o
    0x08002cbc   0x08002cbc   0x00000044   Code   RO         3373    i.UARTEx_SetNbDataToProcess  stm32g0xx_hal_uart_ex.o
    0x08002d00   0x08002d00   0x000000ca   Code   RO         2986    i.UART_AdvFeatureConfig  stm32g0xx_hal_uart.o
    0x08002dca   0x08002dca   0x00000002   PAD
    0x08002dcc   0x08002dcc   0x000000b8   Code   RO         2987    i.UART_CheckIdleState  stm32g0xx_hal_uart.o
    0x08002e84   0x08002e84   0x00000014   Code   RO         2988    i.UART_DMAAbortOnError  stm32g0xx_hal_uart.o
    0x08002e98   0x08002e98   0x0000004e   Code   RO         2989    i.UART_DMAError     stm32g0xx_hal_uart.o
    0x08002ee6   0x08002ee6   0x0000009c   Code   RO         2990    i.UART_DMAReceiveCplt  stm32g0xx_hal_uart.o
    0x08002f82   0x08002f82   0x00000020   Code   RO         2992    i.UART_DMARxHalfCplt  stm32g0xx_hal_uart.o
    0x08002fa2   0x08002fa2   0x0000004c   Code   RO         2994    i.UART_DMATransmitCplt  stm32g0xx_hal_uart.o
    0x08002fee   0x08002fee   0x0000000a   Code   RO         2996    i.UART_DMATxHalfCplt  stm32g0xx_hal_uart.o
    0x08002ff8   0x08002ff8   0x00000064   Code   RO         2998    i.UART_EndRxTransfer  stm32g0xx_hal_uart.o
    0x0800305c   0x0800305c   0x0000003c   Code   RO         2999    i.UART_EndTxTransfer  stm32g0xx_hal_uart.o
    0x08003098   0x08003098   0x00000168   Code   RO         3004    i.UART_SetConfig    stm32g0xx_hal_uart.o
    0x08003200   0x08003200   0x000000ac   Code   RO         3005    i.UART_Start_Receive_DMA  stm32g0xx_hal_uart.o
    0x080032ac   0x080032ac   0x00000090   Code   RO         3011    i.UART_WaitOnFlagUntilTimeout  stm32g0xx_hal_uart.o
    0x0800333c   0x0800333c   0x00000010   Code   RO          358    i.USART1_IRQHandler  stm32g0xx_it.o
    0x0800334c   0x0800334c   0x00000044   Code   RO         1563    i.__NVIC_SetPriority  stm32g0xx_hal_cortex.o
    0x08003390   0x08003390   0x00000020   Code   RO         3602    i.clear_uart_rx_buffer  serial.o
    0x080033b0   0x080033b0   0x0000001c   Code   RO         3508    i.get_rf_state      system.o
    0x080033cc   0x080033cc   0x000000b0   Code   RO         3509    i.handle_led_state  system.o
    0x0800347c   0x0800347c   0x000000e8   Code   RO         3603    i.handle_rf_config  serial.o
    0x08003564   0x08003564   0x00000110   Code   RO         3604    i.handle_serial_rx  serial.o
    0x08003674   0x08003674   0x00000030   Code   RO         3510    i.ir_marker_init    system.o
    0x080036a4   0x080036a4   0x00000024   Code   RO         3511    i.ir_marker_set_intensity  system.o
    0x080036c8   0x080036c8   0x0000002a   Code   RO           14    i.main              main.o
    0x080036f2   0x080036f2   0x00000002   PAD
    0x080036f4   0x080036f4   0x000000a0   Code   RO         3512    i.radio_init        system.o
    0x08003794   0x08003794   0x00000018   Code   RO         3605    i.serial_init       serial.o
    0x080037ac   0x080037ac   0x00000018   Code   RO         3513    i.set_rf_state      system.o
    0x080037c4   0x080037c4   0x00000070   Code   RO         3660    i.si24r1_check      si24r1.o
    0x08003834   0x08003834   0x00000062   Code   RO         3661    i.si24r1_clear_irq_flag  si24r1.o
    0x08003896   0x08003896   0x00000020   Code   RO         3664    i.si24r1_fast_check  si24r1.o
    0x080038b6   0x080038b6   0x0000001a   Code   RO         3665    i.si24r1_fast_clear  si24r1.o
    0x080038d0   0x080038d0   0x00000040   Code   RO         3666    i.si24r1_fast_rx    si24r1.o
    0x08003910   0x08003910   0x0000005c   Code   RO         3667    i.si24r1_fast_tx    si24r1.o
    0x0800396c   0x0800396c   0x000000d4   Code   RO         3670    i.si24r1_init       si24r1.o
    0x08003a40   0x08003a40   0x0000004a   Code   RO         3675    i.si24r1_read_status_reg  si24r1.o
    0x08003a8a   0x08003a8a   0x00000010   Code   RO         3679    i.si24r1_set_channel  si24r1.o
    0x08003a9a   0x08003a9a   0x00000030   Code   RO         3680    i.si24r1_set_mode   si24r1.o
    0x08003aca   0x08003aca   0x00000024   Code   RO         3681    i.si24r1_set_power  si24r1.o
    0x08003aee   0x08003aee   0x0000001a   Code   RO         3682    i.si24r1_set_rx_addr  si24r1.o
    0x08003b08   0x08003b08   0x00000038   Code   RO         3683    i.si24r1_set_speed  si24r1.o
    0x08003b40   0x08003b40   0x00000016   Code   RO         3684    i.si24r1_set_tx_addr  si24r1.o
    0x08003b56   0x08003b56   0x00000060   Code   RO         3689    i.spi_read_buf      si24r1.o
    0x08003bb6   0x08003bb6   0x00000052   Code   RO         3690    i.spi_read_reg      si24r1.o
    0x08003c08   0x08003c08   0x00000024   Code   RO         3691    i.spi_read_write_byte  si24r1.o
    0x08003c2c   0x08003c2c   0x00000062   Code   RO         3692    i.spi_write_buf     si24r1.o
    0x08003c8e   0x08003c8e   0x00000052   Code   RO         3693    i.spi_write_reg     si24r1.o
    0x08003ce0   0x08003ce0   0x00000040   Code   RO         3514    i.system_init       system.o
    0x08003d20   0x08003d20   0x00000124   Code   RO         3515    i.system_loop       system.o
    0x08003e44   0x08003e44   0x0000003c   Code   RO         3606    i.uart_tx_dma       serial.o
    0x08003e80   0x08003e80   0x00000054   Code   RO         3516    i.write_tx_buffer   system.o
    0x08003ed4   0x08003ed4   0x00000018   Data   RO         3012    .constdata          stm32g0xx_hal_uart.o
    0x08003eec   0x08003eec   0x00000010   Data   RO         3374    .constdata          stm32g0xx_hal_uart_ex.o
    0x08003efc   0x08003efc   0x00000040   Data   RO         3475    .constdata          system_stm32g0xx.o
    0x08003f3c   0x08003f3c   0x00000020   Data   RO         3476    .constdata          system_stm32g0xx.o
    0x08003f5c   0x08003f5c   0x00000020   Data   RO         4058    Region$$Table       anon$$obj.o


    Execution Region RW_IRAM1 (Exec base: 0x20000000, Load base: 0x08003f7c, Size: 0x00000998, Max: 0x00002000, ABSOLUTE)

    Exec Addr    Load Addr    Size         Type   Attr      Idx    E Section Name        Object

    0x20000000   0x08003f7c   0x0000000c   Data   RW         1699    .data               stm32g0xx_hal.o
    0x2000000c   0x08003f88   0x00000004   Data   RW         3477    .data               system_stm32g0xx.o
    0x20000010   0x08003f8c   0x00000018   Data   RW         3518    .data               system.o
    0x20000028   0x08003fa4   0x00000004   Data   RW         3608    .data               serial.o
    0x2000002c        -       0x00000064   Zero   RW          227    .bss                spi.o
    0x20000090        -       0x00000098   Zero   RW          267    .bss                tim.o
    0x20000128        -       0x0000014c   Zero   RW          315    .bss                usart.o
    0x20000274        -       0x00000080   Zero   RW         3517    .bss                system.o
    0x200002f4        -       0x00000040   Zero   RW         3607    .bss                serial.o
    0x20000334        -       0x00000060   Zero   RW         3929    .bss                c_p.l(libspace.o)
    0x20000394   0x08003fa8   0x00000004   PAD
    0x20000398        -       0x00000200   Zero   RW            2    HEAP                startup_stm32g030xx.o
    0x20000598        -       0x00000400   Zero   RW            1    STACK               startup_stm32g030xx.o


==============================================================================

Image component sizes


      Code (inc. data)   RO Data    RW Data    ZI Data      Debug   Object Name

        56          4          0          0          0        694   dma.o
       152          8          0          0          0        875   gpio.o
       150          0          0          0          0     402513   main.o
       684         60          0          4         64       4916   serial.o
      1308         28          0          0          0      12115   si24r1.o
       172         18          0          0        100       1529   spi.o
        56         26        192          0       1536        612   startup_stm32g030xx.o
       176         26          0         12          0      15841   stm32g0xx_hal.o
       148         24          0          0          0      11969   stm32g0xx_hal_cortex.o
       888         42          0          0          0       6018   stm32g0xx_hal_dma.o
         0          0          0          0          0       2692   stm32g0xx_hal_flash.o
       370         18          0          0          0       2471   stm32g0xx_hal_gpio.o
        44          6          0          0          0        778   stm32g0xx_hal_msp.o
        76         14          0          0          0        714   stm32g0xx_hal_pwr_ex.o
      1508         88          0          0          0      20149   stm32g0xx_hal_rcc.o
       332         12          0          0          0       1576   stm32g0xx_hal_rcc_ex.o
      1570          8          0          0          0       7928   stm32g0xx_hal_spi.o
      2298        184          0          0          0      17463   stm32g0xx_hal_tim.o
       274         14          0          0          0       3648   stm32g0xx_hal_tim_ex.o
      2722         86         24          0          0      39450   stm32g0xx_hal_uart.o
       276          6         16          0          0       4970   stm32g0xx_hal_uart_ex.o
        80         24          0          0          0       3761   stm32g0xx_it.o
       968         86          0         24        128      10307   system.o
         2          0         96          4          0       1039   system_stm32g0xx.o
       528         46          0          0        152       2953   tim.o
       352         30          0          0        332       1804   usart.o

    ----------------------------------------------------------------------
     15208        858        360         44       2312     578785   Object Totals
         0          0         32          0          0          0   (incl. Generated)
        18          0          0          0          0          0   (incl. Padding)

    ----------------------------------------------------------------------

      Code (inc. data)   RO Data    RW Data    ZI Data      Debug   Library Member Name

         8          0          0          0          0         68   __main.o
         0          0          0          0          0          0   __rtentry.o
        12          0          0          0          0          0   __rtentry2.o
         6          0          0          0          0          0   __rtentry4.o
        60          8          0          0          0          0   __scatter.o
        26          0          0          0          0          0   __scatter_copy.o
        28          0          0          0          0          0   __scatter_zi.o
       346          0          0          0          0         92   aeabi_sdiv.o
        16          0          0          0          0         68   exit.o
         6          0          0          0          0        136   heapauxi.o
         0          0          0          0          0          0   indicate_semi.o
         2          0          0          0          0          0   libinit.o
         2          0          0          0          0          0   libinit2.o
         2          0          0          0          0          0   libshutdown.o
         2          0          0          0          0          0   libshutdown2.o
         8          4          0          0         96         68   libspace.o
        64          0          0          0          0        108   rt_memclr.o
         2          0          0          0          0          0   rtexit.o
        10          0          0          0          0          0   rtexit2.o
        12          4          0          0          0         60   sys_exit.o
        62          0          0          0          0         80   sys_stackheap_outer.o
         2          0          0          0          0         68   use_no_semi.o

    ----------------------------------------------------------------------
       684         16          0          0        100        748   Library Totals
         8          0          0          0          4          0   (incl. Padding)

    ----------------------------------------------------------------------

      Code (inc. data)   RO Data    RW Data    ZI Data      Debug   Library Name

       676         16          0          0         96        748   c_p.l

    ----------------------------------------------------------------------
       684         16          0          0        100        748   Library Totals

    ----------------------------------------------------------------------

==============================================================================


      Code (inc. data)   RO Data    RW Data    ZI Data      Debug   

     15892        874        360         44       2412     572877   Grand Totals
     15892        874        360         44       2412     572877   ELF Image Totals
     15892        874        360         44          0          0   ROM Totals

==============================================================================

    Total RO  Size (Code + RO Data)                16252 (  15.87kB)
    Total RW  Size (RW Data + ZI Data)              2456 (   2.40kB)
    Total ROM Size (Code + RO Data + RW Data)      16296 (  15.91kB)

==============================================================================

